Archive member included to satisfy reference by file (symbol)

/Applications/STM32CubeIDE.app/Contents/Eclipse/plugins/com.st.stm32cube.ide.mcu.externaltools.gnu-tools-for-stm32.14.3.rel1.macosaarch64_1.0.0.202602081740/tools/bin/../lib/gcc/arm-none-eabi/14.3.1/../../../../arm-none-eabi/lib/thumb/v7-m/nofp/libc_nano.a(libc_a-exit.o)
                              /Applications/STM32CubeIDE.app/Contents/Eclipse/plugins/com.st.stm32cube.ide.mcu.externaltools.gnu-tools-for-stm32.14.3.rel1.macosaarch64_1.0.0.202602081740/tools/bin/../lib/gcc/arm-none-eabi/14.3.1/../../../../arm-none-eabi/lib/thumb/v7-m/nofp/crt0.o (exit)
/Applications/STM32CubeIDE.app/Contents/Eclipse/plugins/com.st.stm32cube.ide.mcu.externaltools.gnu-tools-for-stm32.14.3.rel1.macosaarch64_1.0.0.202602081740/tools/bin/../lib/gcc/arm-none-eabi/14.3.1/../../../../arm-none-eabi/lib/thumb/v7-m/nofp/libc_nano.a(libc_a-findfp.o)
                              /Applications/STM32CubeIDE.app/Contents/Eclipse/plugins/com.st.stm32cube.ide.mcu.externaltools.gnu-tools-for-stm32.14.3.rel1.macosaarch64_1.0.0.202602081740/tools/bin/../lib/gcc/arm-none-eabi/14.3.1/../../../../arm-none-eabi/lib/thumb/v7-m/nofp/libc_nano.a(libc_a-exit.o) (__stdio_exit_handler)
/Applications/STM32CubeIDE.app/Contents/Eclipse/plugins/com.st.stm32cube.ide.mcu.externaltools.gnu-tools-for-stm32.14.3.rel1.macosaarch64_1.0.0.202602081740/tools/bin/../lib/gcc/arm-none-eabi/14.3.1/../../../../arm-none-eabi/lib/thumb/v7-m/nofp/libc_nano.a(libc_a-fwalk.o)
                              /Applications/STM32CubeIDE.app/Contents/Eclipse/plugins/com.st.stm32cube.ide.mcu.externaltools.gnu-tools-for-stm32.14.3.rel1.macosaarch64_1.0.0.202602081740/tools/bin/../lib/gcc/arm-none-eabi/14.3.1/../../../../arm-none-eabi/lib/thumb/v7-m/nofp/libc_nano.a(libc_a-findfp.o) (_fwalk_sglue)
/Applications/STM32CubeIDE.app/Contents/Eclipse/plugins/com.st.stm32cube.ide.mcu.externaltools.gnu-tools-for-stm32.14.3.rel1.macosaarch64_1.0.0.202602081740/tools/bin/../lib/gcc/arm-none-eabi/14.3.1/../../../../arm-none-eabi/lib/thumb/v7-m/nofp/libc_nano.a(libc_a-printf.o)
                              ./Core/Src/main.o (printf)
/Applications/STM32CubeIDE.app/Contents/Eclipse/plugins/com.st.stm32cube.ide.mcu.externaltools.gnu-tools-for-stm32.14.3.rel1.macosaarch64_1.0.0.202602081740/tools/bin/../lib/gcc/arm-none-eabi/14.3.1/../../../../arm-none-eabi/lib/thumb/v7-m/nofp/libc_nano.a(libc_a-puts.o)
                              ./Core/Src/main.o (puts)
/Applications/STM32CubeIDE.app/Contents/Eclipse/plugins/com.st.stm32cube.ide.mcu.externaltools.gnu-tools-for-stm32.14.3.rel1.macosaarch64_1.0.0.202602081740/tools/bin/../lib/gcc/arm-none-eabi/14.3.1/../../../../arm-none-eabi/lib/thumb/v7-m/nofp/libc_nano.a(libc_a-memset.o)
                              /Applications/STM32CubeIDE.app/Contents/Eclipse/plugins/com.st.stm32cube.ide.mcu.externaltools.gnu-tools-for-stm32.14.3.rel1.macosaarch64_1.0.0.202602081740/tools/bin/../lib/gcc/arm-none-eabi/14.3.1/../../../../arm-none-eabi/lib/thumb/v7-m/nofp/crt0.o (memset)
/Applications/STM32CubeIDE.app/Contents/Eclipse/plugins/com.st.stm32cube.ide.mcu.externaltools.gnu-tools-for-stm32.14.3.rel1.macosaarch64_1.0.0.202602081740/tools/bin/../lib/gcc/arm-none-eabi/14.3.1/../../../../arm-none-eabi/lib/thumb/v7-m/nofp/libc_nano.a(libc_a-errno.o)
                              ./Core/Src/syscalls.o (__errno)
/Applications/STM32CubeIDE.app/Contents/Eclipse/plugins/com.st.stm32cube.ide.mcu.externaltools.gnu-tools-for-stm32.14.3.rel1.macosaarch64_1.0.0.202602081740/tools/bin/../lib/gcc/arm-none-eabi/14.3.1/../../../../arm-none-eabi/lib/thumb/v7-m/nofp/libc_nano.a(libc_a-init.o)
                              /Applications/STM32CubeIDE.app/Contents/Eclipse/plugins/com.st.stm32cube.ide.mcu.externaltools.gnu-tools-for-stm32.14.3.rel1.macosaarch64_1.0.0.202602081740/tools/bin/../lib/gcc/arm-none-eabi/14.3.1/../../../../arm-none-eabi/lib/thumb/v7-m/nofp/crt0.o (__libc_init_array)
/Applications/STM32CubeIDE.app/Contents/Eclipse/plugins/com.st.stm32cube.ide.mcu.externaltools.gnu-tools-for-stm32.14.3.rel1.macosaarch64_1.0.0.202602081740/tools/bin/../lib/gcc/arm-none-eabi/14.3.1/../../../../arm-none-eabi/lib/thumb/v7-m/nofp/libc_nano.a(libc_a-lock.o)
                              /Applications/STM32CubeIDE.app/Contents/Eclipse/plugins/com.st.stm32cube.ide.mcu.externaltools.gnu-tools-for-stm32.14.3.rel1.macosaarch64_1.0.0.202602081740/tools/bin/../lib/gcc/arm-none-eabi/14.3.1/../../../../arm-none-eabi/lib/thumb/v7-m/nofp/libc_nano.a(libc_a-findfp.o) (__retarget_lock_init_recursive)
/Applications/STM32CubeIDE.app/Contents/Eclipse/plugins/com.st.stm32cube.ide.mcu.externaltools.gnu-tools-for-stm32.14.3.rel1.macosaarch64_1.0.0.202602081740/tools/bin/../lib/gcc/arm-none-eabi/14.3.1/../../../../arm-none-eabi/lib/thumb/v7-m/nofp/libc_nano.a(libc_a-impure.o)
[...]
Memory Configuration

Name             Origin             Length             Attributes
RAM              0x20000000         0x00014000         xrw
FLASH            0x08000000         0x00080000         xr
*default*        0x00000000         0xffffffff

Linker script and memory map

LOAD /Applications/STM32CubeIDE.app/Contents/Eclipse/plugins/com.st.stm32cube.ide.mcu.externaltools.gnu-tools-for-stm32.14.3.rel1.macosaarch64_1.0.0.202602081740/tools/bin/../lib/gcc/arm-none-eabi/14.3.1/thumb/v7-m/nofp/crti.o
LOAD /Applications/STM32CubeIDE.app/Contents/Eclipse/plugins/com.st.stm32cube.ide.mcu.externaltools.gnu-tools-for-stm32.14.3.rel1.macosaarch64_1.0.0.202602081740/tools/bin/../lib/gcc/arm-none-eabi/14.3.1/thumb/v7-m/nofp/crtbegin.o
LOAD /Applications/STM32CubeIDE.app/Contents/Eclipse/plugins/com.st.stm32cube.ide.mcu.externaltools.gnu-tools-for-stm32.14.3.rel1.macosaarch64_1.0.0.202602081740/tools/bin/../lib/gcc/arm-none-eabi/14.3.1/../../../../arm-none-eabi/lib/thumb/v7-m/nofp/crt0.o
LOAD ./Core/Src/main.o
LOAD ./Core/Src/max7219_Yncrea2.o
LOAD ./Core/Src/stm32l1xx_hal_msp.o
LOAD ./Core/Src/stm32l1xx_it.o
LOAD ./Core/Src/syscalls.o
LOAD ./Core/Src/sysmem.o
LOAD ./Core/Src/system_stm32l1xx.o
LOAD ./Core/Startup/startup_stm32l152retx.o
LOAD ./Drivers/STM32L1xx_HAL_Driver/Src/stm32l1xx_hal.o
LOAD ./Drivers/STM32L1xx_HAL_Driver/Src/stm32l1xx_hal_adc.o
LOAD ./Drivers/STM32L1xx_HAL_Driver/Src/stm32l1xx_hal_adc_ex.o
LOAD ./Drivers/STM32L1xx_HAL_Driver/Src/stm32l1xx_hal_cortex.o
LOAD ./Drivers/STM32L1xx_HAL_Driver/Src/stm32l1xx_hal_dma.o
LOAD ./Drivers/STM32L1xx_HAL_Driver/Src/stm32l1xx_hal_exti.o
LOAD ./Drivers/STM32L1xx_HAL_Driver/Src/stm32l1xx_hal_flash.o
LOAD ./Drivers/STM32L1xx_HAL_Driver/Src/stm32l1xx_hal_flash_ex.o
LOAD ./Drivers/STM32L1xx_HAL_Driver/Src/stm32l1xx_hal_flash_ramfunc.o
LOAD ./Drivers/STM32L1xx_HAL_Driver/Src/stm32l1xx_hal_gpio.o
LOAD ./Drivers/STM32L1xx_HAL_Driver/Src/stm32l1xx_hal_i2c.o
LOAD ./Drivers/STM32L1xx_HAL_Driver/Src/stm32l1xx_hal_pwr.o
LOAD ./Drivers/STM32L1xx_HAL_Driver/Src/stm32l1xx_hal_pwr_ex.o
LOAD ./Drivers/STM32L1xx_HAL_Driver/Src/stm32l1xx_hal_rcc.o
LOAD ./Drivers/STM32L1xx_HAL_Driver/Src/stm32l1xx_hal_rcc_ex.o
LOAD ./Drivers/STM32L1xx_HAL_Driver/Src/stm32l1xx_hal_spi.o
LOAD ./Drivers/STM32L1xx_HAL_Driver/Src/stm32l1xx_hal_tim.o
LOAD ./Drivers/STM32L1xx_HAL_Driver/Src/stm32l1xx_hal_tim_ex.o
LOAD ./Drivers/STM32L1xx_HAL_Driver/Src/stm32l1xx_hal_uart.o
START GROUP
LOAD /Applications/STM32CubeIDE.app/Contents/Eclipse/plugins/com.st.stm32cube.ide.mcu.externaltools.gnu-tools-for-stm32.14.3.rel1.macosaarch64_1.0.0.202602081740/tools/bin/../lib/gcc/arm-none-eabi/14.3.1/../../../../arm-none-eabi/lib/thumb/v7-m/nofp/libc_nano.a
LOAD /Applications/STM32CubeIDE.app/Contents/Eclipse/plugins/com.st.stm32cube.ide.mcu.externaltools.gnu-tools-for-stm32.14.3.rel1.macosaarch64_1.0.0.202602081740/tools/bin/../lib/gcc/arm-none-eabi/14.3.1/../../../../arm-none-eabi/lib/thumb/v7-m/nofp/libm.a
END GROUP
START GROUP
LOAD /Applications/STM32CubeIDE.app/Contents/Eclipse/plugins/com.st.stm32cube.ide.mcu.externaltools.gnu-tools-for-stm32.14.3.rel1.macosaarch64_1.0.0.202602081740/tools/bin/../lib/gcc/arm-none-eabi/14.3.1/thumb/v7-m/nofp/libgcc.a
LOAD /Applications/STM32CubeIDE.app/Contents/Eclipse/plugins/com.st.stm32cube.ide.mcu.externaltools.gnu-tools-for-stm32.14.3.rel1.macosaarch64_1.0.0.202602081740/tools/bin/../lib/gcc/arm-none-eabi/14.3.1/../../../../arm-none-eabi/lib/thumb/v7-m/nofp/libc_nano.a
END GROUP
START GROUP
LOAD /Applications/STM32CubeIDE.app/Contents/Eclipse/plugins/com.st.stm32cube.ide.mcu.externaltools.gnu-tools-for-stm32.14.3.rel1.macosaarch64_1.0.0.202602081740/tools/bin/../lib/gcc/arm-none-eabi/14.3.1/thumb/v7-m/nofp/libgcc.a
LOAD /Applications/STM32CubeIDE.app/Contents/Eclipse/plugins/com.st.stm32cube.ide.mcu.externaltools.gnu-tools-for-stm32.14.3.rel1.macosaarch64_1.0.0.202602081740/tools/bin/../lib/gcc/arm-none-eabi/14.3.1/../../../../arm-none-eabi/lib/thumb/v7-m/nofp/libc_nano.a
LOAD /Applications/STM32CubeIDE.app/Contents/Eclipse/plugins/com.st.stm32cube.ide.mcu.externaltools.gnu-tools-for-stm32.14.3.rel1.macosaarch64_1.0.0.202602081740/tools/bin/../lib/gcc/arm-none-eabi/14.3.1/../../../../arm-none-eabi/lib/thumb/v7-m/nofp/libnosys.a
END GROUP
START GROUP
LOAD /Applications/STM32CubeIDE.app/Contents/Eclipse/plugins/com.st.stm32cube.ide.mcu.externaltools.gnu-tools-for-stm32.14.3.rel1.macosaarch64_1.0.0.202602081740/tools/bin/../lib/gcc/arm-none-eabi/14.3.1/thumb/v7-m/nofp/libgcc.a
LOAD /Applications/STM32CubeIDE.app/Contents/Eclipse/plugins/com.st.stm32cube.ide.mcu.externaltools.gnu-tools-for-stm32.14.3.rel1.macosaarch64_1.0.0.202602081740/tools/bin/../lib/gcc/arm-none-eabi/14.3.1/../../../../arm-none-eabi/lib/thumb/v7-m/nofp/libc_nano.a
LOAD /Applications/STM32CubeIDE.app/Contents/Eclipse/plugins/com.st.stm32cube.ide.mcu.externaltools.gnu-tools-for-stm32.14.3.rel1.macosaarch64_1.0.0.202602081740/tools/bin/../lib/gcc/arm-none-eabi/14.3.1/../../../../arm-none-eabi/lib/thumb/v7-m/nofp/libnosys.a
END GROUP
LOAD /Applications/STM32CubeIDE.app/Contents/Eclipse/plugins/com.st.stm32cube.ide.mcu.externaltools.gnu-tools-for-stm32.14.3.rel1.macosaarch64_1.0.0.202602081740/tools/bin/../lib/gcc/arm-none-eabi/14.3.1/thumb/v7-m/nofp/crtend.o
LOAD /Applications/STM32CubeIDE.app/Contents/Eclipse/plugins/com.st.stm32cube.ide.mcu.externaltools.gnu-tools-for-stm32.14.3.rel1.macosaarch64_1.0.0.202602081740/tools/bin/../lib/gcc/arm-none-eabi/14.3.1/thumb/v7-m/nofp/crtn.o
                0x20014000                        _estack = (ORIGIN (RAM) + LENGTH (RAM))
                0x00000200                        _Min_Heap_Size = 0x200
                0x00000400                        _Min_Stack_Size = 0x400

.isr_vector     0x08000000      0x13c
                0x08000000                        . = ALIGN (0x4)
 *(.isr_vector)
 .isr_vector    0x08000000      0x13c ./Core/Startup/startup_stm32l152retx.o
                0x08000000                g_pfnVectors
                0x0800013c                        . = ALIGN (0x4)

.text           0x0800013c     0x6c24
                0x0800013c                        . = ALIGN (0x4)
 *(.text)
 .text          0x0800013c       0x40 /Applications/STM32CubeIDE.app/Contents/Eclipse/plugins/com.st.stm32cube.ide.mcu.externaltools.gnu-tools-for-stm32.14.3.rel1.macosaarch64_1.0.0.202602081740/tools/bin/../lib/gcc/arm-none-eabi/14.3.1/thumb/v7-m/nofp/crtbegin.o
 .text          0x0800017c      0x21c /Applications/STM32CubeIDE.app/Contents/Eclipse/plugins/com.st.stm32cube.ide.mcu.externaltools.gnu-tools-for-stm32.14.3.rel1.macosaarch64_1.0.0.202602081740/tools/bin/../lib/gcc/arm-none-eabi/14.3.1/thumb/v7-m/nofp/libgcc.a(_arm_addsubsf3.o)
                0x0800017c                __aeabi_frsub
                0x08000184                __aeabi_fsub
                0x08000184                __subsf3
                0x08000188                __aeabi_fadd
                0x08000188                __addsf3
                0x080002e8                __aeabi_ui2f
                0x080002e8                __floatunsisf
                0x080002f0                __floatsisf
                0x080002f0                __aeabi_i2f
                0x0800030c                __aeabi_ul2f
                0x0800030c                __floatundisf
                0x0800031c                __aeabi_l2f
                0x0800031c                __floatdisf
 .text          0x08000398      0x2a0 /Applications/STM32CubeIDE.app/Contents/Eclipse/plugins/com.st.stm32cube.ide.mcu.externaltools.gnu-tools-for-stm32.14.3.rel1.macosaarch64_1.0.0.202602081740/tools/bin/../lib/gcc/arm-none-eabi/14.3.1/thumb/v7-m/nofp/libgcc.a(_arm_muldivsf3.o)
                0x08000398                __mulsf3
                0x08000398                __aeabi_fmul
                0x08000500                __divsf3
                0x08000500                __aeabi_fdiv
 .text          0x08000638       0xec /Applications/STM32CubeIDE.app/Contents/Eclipse/plugins/com.st.stm32cube.ide.mcu.externaltools.gnu-tools-for-stm32.14.3.rel1.macosaarch64_1.0.0.202602081740/tools/bin/../lib/gcc/arm-none-eabi/14.3.1/thumb/v7-m/nofp/libgcc.a(_arm_cmpsf2.o)
                0x08000638                __gesf2
                0x08000638                __gtsf2
                0x08000640                __ltsf2
                0x08000640                __lesf2
                0x08000648                __nesf2
                0x08000648                __eqsf2
                0x08000648                __cmpsf2
                0x080006a8                __aeabi_cfrcmple
                0x080006b0                __aeabi_cfcmpeq
                0x080006b0                __aeabi_cfcmple
                0x080006c0                __aeabi_fcmpeq
                0x080006d4                __aeabi_fcmplt
                0x080006e8                __aeabi_fcmple
                0x080006fc                __aeabi_fcmpge
                0x08000710                __aeabi_fcmpgt
 .text          0x08000724       0x2c /Applications/STM32CubeIDE.app/Contents/Eclipse/plugins/com.st.stm32cube.ide.mcu.externaltools.gnu-tools-for-stm32.14.3.rel1.macosaarch64_1.0.0.202602081740/tools/bin/../lib/gcc/arm-none-eabi/14.3.1/thumb/v7-m/nofp/libgcc.a(_arm_unordsf2.o)
                0x08000724                __aeabi_fcmpun
                0x08000724                __unordsf2
 .text          0x08000750       0x4c /Applications/STM32CubeIDE.app/Contents/Eclipse/plugins/com.st.stm32cube.ide.mcu.externaltools.gnu-tools-for-stm32.14.3.rel1.macosaarch64_1.0.0.202602081740/tools/bin/../lib/gcc/arm-none-eabi/14.3.1/thumb/v7-m/nofp/libgcc.a(_arm_fixsfsi.o)
                0x08000750                __fixsfsi
                0x08000750                __aeabi_f2iz
 .text          0x0800079c       0x40 /Applications/STM32CubeIDE.app/Contents/Eclipse/plugins/com.st.stm32cube.ide.mcu.externaltools.gnu-tools-for-stm32.14.3.rel1.macosaarch64_1.0.0.202602081740/tools/bin/../lib/gcc/arm-none-eabi/14.3.1/thumb/v7-m/nofp/libgcc.a(_arm_fixunssfsi.o)
                0x0800079c                __aeabi_f2uiz
                0x0800079c                __fixunssfsi
 .text          0x080007dc       0x30 /Applications/STM32CubeIDE.app/Contents/Eclipse/plugins/com.st.stm32cube.ide.mcu.externaltools.gnu-tools-for-stm32.14.3.rel1.macosaarch64_1.0.0.202602081740/tools/bin/../lib/gcc/arm-none-eabi/14.3.1/thumb/v7-m/nofp/libgcc.a(_aeabi_uldivmod.o)
                0x080007dc                __aeabi_uldivmod
 .text          0x0800080c      0x2f4 /Applications/STM32CubeIDE.app/Contents/Eclipse/plugins/com.st.stm32cube.ide.mcu.externaltools.gnu-tools-for-stm32.14.3.rel1.macosaarch64_1.0.0.202602081740/tools/bin/../lib/gcc/arm-none-eabi/14.3.1/thumb/v7-m/nofp/libgcc.a(_udivmoddi4.o)
                0x0800080c                __udivmoddi4
 .text          0x08000b00        0x4 /Applications/STM32CubeIDE.app/Contents/Eclipse/plugins/com.st.stm32cube.ide.mcu.externaltools.gnu-tools-for-stm32.14.3.rel1.macosaarch64_1.0.0.202602081740/tools/bin/../lib/gcc/arm-none-eabi/14.3.1/thumb/v7-m/nofp/libgcc.a(_dvmd_tls.o)
                0x08000b00                __aeabi_ldiv0
                0x08000b00                __aeabi_idiv0
 *(.text*)
 .text.__io_putchar
                0x08000b04       0x24 ./Core/Src/main.o
                0x08000b04                __io_putchar
 .text.I2C_BusRecover
                0x08000b28      0x140 ./Core/Src/main.o
 .text.I2C_Scan
                0x08000c68       0x64 ./Core/Src/main.o
 .text.HAL_TIM_PeriodElapsedCallback
                0x08000ccc       0x30 ./Core/Src/main.o
                0x08000ccc                HAL_TIM_PeriodElapsedCallback
 .text.LSM6DSO_Write
                0x08000cfc       0x38 ./Core/Src/main.o
 .text.LSM6DSO_Read
                0x08000d34       0x40 ./Core/Src/main.o
 .text.LSM6DSO_ReadAccel
                0x08000d74       0xc0 ./Core/Src/main.o
 .text.Display_Time
                0x08000e34       0xd8 ./Core/Src/main.o
 .text.Display_Height
                0x08000f0c      0x17c ./Core/Src/main.o
 .text.main     0x08001088      0x434 ./Core/Src/main.o
                0x08001088                main
 .text.SystemClock_Config
                0x080014bc       0x9c ./Core/Src/main.o
                0x080014bc                SystemClock_Config
 .text.MX_ADC_Init
                0x08001558       0xb4 ./Core/Src/main.o
 .text.MX_I2C1_Init
                0x0800160c       0x5c ./Core/Src/main.o
 .text.MX_SPI1_Init
                0x08001668       0x6c ./Core/Src/main.o
 .text.MX_TIM6_Init
                0x080016d4       0x6c ./Core/Src/main.o
 .text.MX_USART2_UART_Init
                0x08001740       0x54 ./Core/Src/main.o
 .text.MX_GPIO_Init
                0x08001794      0x180 ./Core/Src/main.o
 .text.Error_Handler
                0x08001914        0xc ./Core/Src/main.o
                0x08001914                Error_Handler
 .text.SPI_CS_High
                0x08001920       0x18 ./Core/Src/max7219_Yncrea2.o
                0x08001920                SPI_CS_High
 .text.SPI_CS_Low
                0x08001938       0x18 ./Core/Src/max7219_Yncrea2.o
                0x08001938                SPI_CS_Low
 .text.MAX7219_Init
                0x08001950       0x2a ./Core/Src/max7219_Yncrea2.o
                0x08001950                MAX7219_Init
 .text.MAX7219_ShutdownStop
                0x0800197a       0x10 ./Core/Src/max7219_Yncrea2.o
                0x0800197a                MAX7219_ShutdownStop
 .text.MAX7219_DisplayTestStop
                0x0800198a       0x10 ./Core/Src/max7219_Yncrea2.o
                0x0800198a                MAX7219_DisplayTestStop
 .text.MAX7219_SetBrightness
                0x0800199a       0x24 ./Core/Src/max7219_Yncrea2.o
                0x0800199a                MAX7219_SetBrightness
 .text.MAX7219_Clear
                0x080019be       0x2c ./Core/Src/max7219_Yncrea2.o
                0x080019be                MAX7219_Clear
 .text.MAX7219_DisplayChar
                0x080019ea       0x2e ./Core/Src/max7219_Yncrea2.o
                0x080019ea                MAX7219_DisplayChar
 .text.MAX7219_DisplayCharDP
                0x08001a18       0x40 ./Core/Src/max7219_Yncrea2.o
                0x08001a18                MAX7219_DisplayCharDP
 .text.MAX7219_LookupCode
                0x08001a58       0x4c ./Core/Src/max7219_Yncrea2.o
 .text.MAX7219_Write
                0x08001aa4       0x34 ./Core/Src/max7219_Yncrea2.o
 .text.MAX7219_SendByte
                0x08001ad8       0x24 ./Core/Src/max7219_Yncrea2.o
 .text.HAL_MspInit
                0x08001afc       0x60 ./Core/Src/stm32l1xx_hal_msp.o
                0x08001afc                HAL_MspInit
 .text.HAL_ADC_MspInit
                0x08001b5c       0x80 ./Core/Src/stm32l1xx_hal_msp.o
                0x08001b5c                HAL_ADC_MspInit
 .text.HAL_I2C_MspInit
                0x08001bdc       0x88 ./Core/Src/stm32l1xx_hal_msp.o
                0x08001bdc                HAL_I2C_MspInit
 .text.HAL_I2C_MspDeInit
                0x08001c64       0x48 ./Core/Src/stm32l1xx_hal_msp.o
                0x08001c64                HAL_I2C_MspDeInit
 .text.HAL_SPI_MspInit
                0x08001cac       0x88 ./Core/Src/stm32l1xx_hal_msp.o
                0x08001cac                HAL_SPI_MspInit
 .text.HAL_TIM_Base_MspInit
                0x08001d34       0x4c ./Core/Src/stm32l1xx_hal_msp.o
                0x08001d34                HAL_TIM_Base_MspInit
 .text.HAL_UART_MspInit
                0x08001d80       0x88 ./Core/Src/stm32l1xx_hal_msp.o
                0x08001d80                HAL_UART_MspInit
 .text.NMI_Handler
                0x08001e08        0x8 ./Core/Src/stm32l1xx_it.o
                0x08001e08                NMI_Handler
 .text.HardFault_Handler
                0x08001e10        0x8 ./Core/Src/stm32l1xx_it.o
                0x08001e10                HardFault_Handler
 .text.MemManage_Handler
                0x08001e18        0x8 ./Core/Src/stm32l1xx_it.o
                0x08001e18                MemManage_Handler
 .text.BusFault_Handler
                0x08001e20        0x8 ./Core/Src/stm32l1xx_it.o
                0x08001e20                BusFault_Handler
 .text.UsageFault_Handler
                0x08001e28        0x8 ./Core/Src/stm32l1xx_it.o
                0x08001e28                UsageFault_Handler
 .text.SVC_Handler
                0x08001e30        0xc ./Core/Src/stm32l1xx_it.o
                0x08001e30                SVC_Handler
 .text.DebugMon_Handler
                0x08001e3c        0xc ./Core/Src/stm32l1xx_it.o
                0x08001e3c                DebugMon_Handler
 .text.PendSV_Handler
                0x08001e48        0xc ./Core/Src/stm32l1xx_it.o
                0x08001e48                PendSV_Handler
 .text.SysTick_Handler
                0x08001e54        0xc ./Core/Src/stm32l1xx_it.o
                0x08001e54                SysTick_Handler
 .text.EXTI3_IRQHandler
                0x08001e60       0x28 ./Core/Src/stm32l1xx_it.o
                0x08001e60                EXTI3_IRQHandler
 .text.EXTI4_IRQHandler
                0x08001e88       0x28 ./Core/Src/stm32l1xx_it.o
                0x08001e88                EXTI4_IRQHandler
 .text.EXTI15_10_IRQHandler
                0x08001eb0       0xbc ./Core/Src/stm32l1xx_it.o
                0x08001eb0                EXTI15_10_IRQHandler
 .text.TIM6_IRQHandler
                0x08001f6c       0x14 ./Core/Src/stm32l1xx_it.o
                0x08001f6c                TIM6_IRQHandler
 .text._read    0x08001f80       0x3a ./Core/Src/syscalls.o
                0x08001f80                _read
 .text._write   0x08001fba       0x38 ./Core/Src/syscalls.o
                0x08001fba                _write
 .text._close   0x08001ff2       0x16 ./Core/Src/syscalls.o
                0x08001ff2                _close
 .text._fstat   0x08002008       0x1e ./Core/Src/syscalls.o
                0x08002008                _fstat
 .text._isatty  0x08002026       0x14 ./Core/Src/syscalls.o
                0x08002026                _isatty
 .text._lseek   0x0800203a       0x18 ./Core/Src/syscalls.o
                0x0800203a                _lseek
 *fill*         0x08002052        0x2 
 .text._sbrk    0x08002054       0x6c ./Core/Src/sysmem.o
                0x08002054                _sbrk
 .text.SystemInit
                0x080020c0        0xc ./Core/Src/system_stm32l1xx.o
                0x080020c0                SystemInit
 .text.Reset_Handler
                0x080020cc       0x48 ./Core/Startup/startup_stm32l152retx.o
                0x080020cc                Reset_Handler
 .text.Default_Handler
                0x08002114        0x2 ./Core/Startup/startup_stm32l152retx.o
                0x08002114                DMA2_Channel3_IRQHandler
                0x08002114                EXTI2_IRQHandler
                0x08002114                COMP_ACQ_IRQHandler
                0x08002114                TIM10_IRQHandler
                0x08002114                USB_HP_IRQHandler
                0x08002114                PVD_IRQHandler
                0x08002114                EXTI0_IRQHandler
                0x08002114                I2C2_EV_IRQHandler
                0x08002114                SPI1_IRQHandler
                0x08002114                USB_FS_WKUP_IRQHandler
                0x08002114                DMA2_Channel2_IRQHandler
                0x08002114                DMA1_Channel4_IRQHandler
                0x08002114                ADC1_IRQHandler
                0x08002114                USART3_IRQHandler
                0x08002114                DMA1_Channel7_IRQHandler
                0x08002114                LCD_IRQHandler
                0x08002114                UART5_IRQHandler
                0x08002114                TIM4_IRQHandler
                0x08002114                DMA2_Channel1_IRQHandler
                0x08002114                I2C1_EV_IRQHandler
                0x08002114                DMA1_Channel6_IRQHandler
                0x08002114                UART4_IRQHandler
                0x08002114                DMA2_Channel4_IRQHandler
                0x08002114                TIM3_IRQHandler
                0x08002114                RCC_IRQHandler
                0x08002114                DMA1_Channel1_IRQHandler
                0x08002114                Default_Handler
                0x08002114                TIM7_IRQHandler
                0x08002114                TIM5_IRQHandler
                0x08002114                EXTI9_5_IRQHandler
                0x08002114                TIM9_IRQHandler
                0x08002114                TAMPER_STAMP_IRQHandler
                0x08002114                RTC_WKUP_IRQHandler
                0x08002114                SPI2_IRQHandler
                0x08002114                DMA2_Channel5_IRQHandler
                0x08002114                DMA1_Channel5_IRQHandler
                0x08002114                USB_LP_IRQHandler
                0x08002114                DMA1_Channel3_IRQHandler
                0x08002114                COMP_IRQHandler
                0x08002114                WWDG_IRQHandler
                0x08002114                TIM2_IRQHandler
                0x08002114                DAC_IRQHandler
                0x08002114                EXTI1_IRQHandler
                0x08002114                TIM11_IRQHandler
                0x08002114                USART2_IRQHandler
                0x08002114                I2C2_ER_IRQHandler
                0x08002114                DMA1_Channel2_IRQHandler
                0x08002114                FLASH_IRQHandler
                0x08002114                USART1_IRQHandler
                0x08002114                SPI3_IRQHandler
                0x08002114                I2C1_ER_IRQHandler
                0x08002114                RTC_Alarm_IRQHandler
 .text.HAL_Init
                0x08002116       0x30 ./Drivers/STM32L1xx_HAL_Driver/Src/stm32l1xx_hal.o
                0x08002116                HAL_Init
 *fill*         0x08002146        0x2 
 .text.HAL_InitTick
                0x08002148       0x74 ./Drivers/STM32L1xx_HAL_Driver/Src/stm32l1xx_hal.o
                0x08002148                HAL_InitTick
 .text.HAL_IncTick
                0x080021bc       0x24 ./Drivers/STM32L1xx_HAL_Driver/Src/stm32l1xx_hal.o
                0x080021bc                HAL_IncTick
 .text.HAL_GetTick
                0x080021e0       0x14 ./Drivers/STM32L1xx_HAL_Driver/Src/stm32l1xx_hal.o
                0x080021e0                HAL_GetTick
 .text.HAL_Delay
                0x080021f4       0x44 ./Drivers/STM32L1xx_HAL_Driver/Src/stm32l1xx_hal.o
                0x080021f4                HAL_Delay
 .text.HAL_ADC_Init
                0x08002238      0x28c ./Drivers/STM32L1xx_HAL_Driver/Src/stm32l1xx_hal_adc.o
                0x08002238                HAL_ADC_Init
 .text.HAL_ADC_ConfigChannel
                0x080024c4      0x2d8 ./Drivers/STM32L1xx_HAL_Driver/Src/stm32l1xx_hal_adc.o
                0x080024c4                HAL_ADC_ConfigChannel
 .text.__NVIC_SetPriorityGrouping
                0x0800279c       0x48 ./Drivers/STM32L1xx_HAL_Driver/Src/stm32l1xx_hal_cortex.o
 .text.__NVIC_GetPriorityGrouping
                0x080027e4       0x1c ./Drivers/STM32L1xx_HAL_Driver/Src/stm32l1xx_hal_cortex.o
 .text.__NVIC_EnableIRQ
                0x08002800       0x38 ./Drivers/STM32L1xx_HAL_Driver/Src/stm32l1xx_hal_cortex.o
 .text.__NVIC_SetPriority
                0x08002838       0x54 ./Drivers/STM32L1xx_HAL_Driver/Src/stm32l1xx_hal_cortex.o
 .text.NVIC_EncodePriority
                0x0800288c       0x64 ./Drivers/STM32L1xx_HAL_Driver/Src/stm32l1xx_hal_cortex.o
 .text.SysTick_Config
                0x080028f0       0x44 ./Drivers/STM32L1xx_HAL_Driver/Src/stm32l1xx_hal_cortex.o
 .text.HAL_NVIC_SetPriorityGrouping
                0x08002934       0x16 ./Drivers/STM32L1xx_HAL_Driver/Src/stm32l1xx_hal_cortex.o
                0x08002934                HAL_NVIC_SetPriorityGrouping
 .text.HAL_NVIC_SetPriority
                0x0800294a       0x38 ./Drivers/STM32L1xx_HAL_Driver/Src/stm32l1xx_hal_cortex.o
                0x0800294a                HAL_NVIC_SetPriority
 .text.HAL_NVIC_EnableIRQ
                0x08002982       0x1c ./Drivers/STM32L1xx_HAL_Driver/Src/stm32l1xx_hal_cortex.o
                0x08002982                HAL_NVIC_EnableIRQ
 .text.HAL_SYSTICK_Config
                0x0800299e       0x18 ./Drivers/STM32L1xx_HAL_Driver/Src/stm32l1xx_hal_cortex.o
                0x0800299e                HAL_SYSTICK_Config
 *fill*         0x080029b6        0x2 
 .text.HAL_GPIO_Init
                0x080029b8      0x320 ./Drivers/STM32L1xx_HAL_Driver/Src/stm32l1xx_hal_gpio.o
                0x080029b8                HAL_GPIO_Init
 .text.HAL_GPIO_DeInit
                0x08002cd8      0x1e0 ./Drivers/STM32L1xx_HAL_Driver/Src/stm32l1xx_hal_gpio.o
                0x08002cd8                HAL_GPIO_DeInit
 .text.HAL_GPIO_ReadPin
                0x08002eb8       0x2e ./Drivers/STM32L1xx_HAL_Driver/Src/stm32l1xx_hal_gpio.o
                0x08002eb8                HAL_GPIO_ReadPin
 .text.HAL_GPIO_WritePin
                0x08002ee6       0x30 ./Drivers/STM32L1xx_HAL_Driver/Src/stm32l1xx_hal_gpio.o
                0x08002ee6                HAL_GPIO_WritePin
 *fill*         0x08002f16        0x2 
 .text.HAL_GPIO_EXTI_IRQHandler
                0x08002f18       0x30 ./Drivers/STM32L1xx_HAL_Driver/Src/stm32l1xx_hal_gpio.o
                0x08002f18                HAL_GPIO_EXTI_IRQHandler
 .text.HAL_GPIO_EXTI_Callback
                0x08002f48       0x14 ./Drivers/STM32L1xx_HAL_Driver/Src/stm32l1xx_hal_gpio.o
                0x08002f48                HAL_GPIO_EXTI_Callback
 .text.HAL_I2C_Init
                0x08002f5c      0x288 ./Drivers/STM32L1xx_HAL_Driver/Src/stm32l1xx_hal_i2c.o
                0x08002f5c                HAL_I2C_Init
 .text.HAL_I2C_DeInit
                0x080031e4       0x5e ./Drivers/STM32L1xx_HAL_Driver/Src/stm32l1xx_hal_i2c.o
                0x080031e4                HAL_I2C_DeInit
 *fill*         0x08003242        0x2 
 .text.HAL_I2C_Master_Transmit
                0x08003244      0x1fc ./Drivers/STM32L1xx_HAL_Driver/Src/stm32l1xx_hal_i2c.o
                0x08003244                HAL_I2C_Master_Transmit
 .text.HAL_I2C_Master_Receive
                0x08003440      0x464 ./Drivers/STM32L1xx_HAL_Driver/Src/stm32l1xx_hal_i2c.o
                0x08003440                HAL_I2C_Master_Receive
 .text.HAL_I2C_IsDeviceReady
                0x080038a4      0x25c ./Drivers/STM32L1xx_HAL_Driver/Src/stm32l1xx_hal_i2c.o
                0x080038a4                HAL_I2C_IsDeviceReady
 .text.HAL_I2C_GetError
                0x08003b00       0x16 ./Drivers/STM32L1xx_HAL_Driver/Src/stm32l1xx_hal_i2c.o
                0x08003b00                HAL_I2C_GetError
 *fill*         0x08003b16        0x2 
 .text.I2C_MasterRequestWrite
                0x08003b18      0x104 ./Drivers/STM32L1xx_HAL_Driver/Src/stm32l1xx_hal_i2c.o
 .text.I2C_MasterRequestRead
                0x08003c1c      0x19c ./Drivers/STM32L1xx_HAL_Driver/Src/stm32l1xx_hal_i2c.o
 .text.I2C_WaitOnFlagUntilTimeout
                0x08003db8       0xf4 ./Drivers/STM32L1xx_HAL_Driver/Src/stm32l1xx_hal_i2c.o
 .text.I2C_WaitOnMasterAddressFlagUntilTimeout
                0x08003eac      0x140 ./Drivers/STM32L1xx_HAL_Driver/Src/stm32l1xx_hal_i2c.o
 .text.I2C_WaitOnTXEFlagUntilTimeout
                0x08003fec       0x90 ./Drivers/STM32L1xx_HAL_Driver/Src/stm32l1xx_hal_i2c.o
 .text.I2C_WaitOnBTFFlagUntilTimeout
                0x0800407c       0x90 ./Drivers/STM32L1xx_HAL_Driver/Src/stm32l1xx_hal_i2c.o
 .text.I2C_WaitOnRXNEFlagUntilTimeout
                0x0800410c       0xba ./Drivers/STM32L1xx_HAL_Driver/Src/stm32l1xx_hal_i2c.o
 .text.I2C_IsAcknowledgeFailed
                0x080041c6       0x5c ./Drivers/STM32L1xx_HAL_Driver/Src/stm32l1xx_hal_i2c.o
 *fill*         0x08004222        0x2 
 .text.HAL_RCC_OscConfig
                0x08004224      0x660 ./Drivers/STM32L1xx_HAL_Driver/Src/stm32l1xx_hal_rcc.o
                0x08004224                HAL_RCC_OscConfig
 .text.HAL_RCC_ClockConfig
                0x08004884      0x268 ./Drivers/STM32L1xx_HAL_Driver/Src/stm32l1xx_hal_rcc.o
                0x08004884                HAL_RCC_ClockConfig
 .text.HAL_RCC_GetSysClockFreq
                0x08004aec      0x200 ./Drivers/STM32L1xx_HAL_Driver/Src/stm32l1xx_hal_rcc.o
                0x08004aec                HAL_RCC_GetSysClockFreq
 .text.HAL_RCC_GetHCLKFreq
                0x08004cec       0x14 ./Drivers/STM32L1xx_HAL_Driver/Src/stm32l1xx_hal_rcc.o
                0x08004cec                HAL_RCC_GetHCLKFreq
 .text.HAL_RCC_GetPCLK1Freq
                0x08004d00       0x28 ./Drivers/STM32L1xx_HAL_Driver/Src/stm32l1xx_hal_rcc.o
                0x08004d00                HAL_RCC_GetPCLK1Freq
 .text.HAL_RCC_GetPCLK2Freq
                0x08004d28       0x28 ./Drivers/STM32L1xx_HAL_Driver/Src/stm32l1xx_hal_rcc.o
                0x08004d28                HAL_RCC_GetPCLK2Freq
 .text.RCC_SetFlashLatencyFromMSIRange
                0x08004d50       0xc0 ./Drivers/STM32L1xx_HAL_Driver/Src/stm32l1xx_hal_rcc.o
 .text.HAL_SPI_Init
                0x08004e10      0x112 ./Drivers/STM32L1xx_HAL_Driver/Src/stm32l1xx_hal_spi.o
                0x08004e10                HAL_SPI_Init
 .text.HAL_SPI_Transmit
                0x08004f22      0x288 ./Drivers/STM32L1xx_HAL_Driver/Src/stm32l1xx_hal_spi.o
                0x08004f22                HAL_SPI_Transmit
 *fill*         0x080051aa        0x2 
 .text.SPI_WaitFlagStateUntilTimeout
                0x080051ac      0x110 ./Drivers/STM32L1xx_HAL_Driver/Src/stm32l1xx_hal_spi.o
 .text.SPI_EndRxTxTransaction
                0x080052bc       0xa8 ./Drivers/STM32L1xx_HAL_Driver/Src/stm32l1xx_hal_spi.o
 .text.HAL_TIM_Base_Init
                0x08005364       0x7e ./Drivers/STM32L1xx_HAL_Driver/Src/stm32l1xx_hal_tim.o
                0x08005364                HAL_TIM_Base_Init
 *fill*         0x080053e2        0x2 
 .text.HAL_TIM_Base_Start_IT
                0x080053e4       0xa4 ./Drivers/STM32L1xx_HAL_Driver/Src/stm32l1xx_hal_tim.o
                0x080053e4                HAL_TIM_Base_Start_IT
 .text.HAL_TIM_IRQHandler
                0x08005488      0x198 ./Drivers/STM32L1xx_HAL_Driver/Src/stm32l1xx_hal_tim.o
                0x08005488                HAL_TIM_IRQHandler
 .text.HAL_TIM_OC_DelayElapsedCallback
                0x08005620       0x12 ./Drivers/STM32L1xx_HAL_Driver/Src/stm32l1xx_hal_tim.o
                0x08005620                HAL_TIM_OC_DelayElapsedCallback
 .text.HAL_TIM_IC_CaptureCallback
                0x08005632       0x12 ./Drivers/STM32L1xx_HAL_Driver/Src/stm32l1xx_hal_tim.o
                0x08005632                HAL_TIM_IC_CaptureCallback
 .text.HAL_TIM_PWM_PulseFinishedCallback
                0x08005644       0x12 ./Drivers/STM32L1xx_HAL_Driver/Src/stm32l1xx_hal_tim.o
                0x08005644                HAL_TIM_PWM_PulseFinishedCallback
 .text.HAL_TIM_TriggerCallback
                0x08005656       0x12 ./Drivers/STM32L1xx_HAL_Driver/Src/stm32l1xx_hal_tim.o
                0x08005656                HAL_TIM_TriggerCallback
 .text.TIM_Base_SetConfig
                0x08005668       0xec ./Drivers/STM32L1xx_HAL_Driver/Src/stm32l1xx_hal_tim.o
 .text.HAL_TIMEx_MasterConfigSynchronization
                0x08005754       0xbc ./Drivers/STM32L1xx_HAL_Driver/Src/stm32l1xx_hal_tim_ex.o
                0x08005754                HAL_TIMEx_MasterConfigSynchronization
 .text.HAL_UART_Init
                0x08005810       0xa0 ./Drivers/STM32L1xx_HAL_Driver/Src/stm32l1xx_hal_uart.o
                0x08005810                HAL_UART_Init
 .text.HAL_UART_Transmit
                0x080058b0      0x116 ./Drivers/STM32L1xx_HAL_Driver/Src/stm32l1xx_hal_uart.o
                0x080058b0                HAL_UART_Transmit
 .text.UART_WaitOnFlagUntilTimeout
                0x080059c6       0xb2 ./Drivers/STM32L1xx_HAL_Driver/Src/stm32l1xx_hal_uart.o
 .text.UART_EndRxTransfer
                0x08005a78       0xc4 ./Drivers/STM32L1xx_HAL_Driver/Src/stm32l1xx_hal_uart.o
 .text.UART_SetConfig
                0x08005b3c      0x1c8 ./Drivers/STM32L1xx_HAL_Driver/Src/stm32l1xx_hal_uart.o
 .text.std      0x08005d04       0x6c /Applications/STM32CubeIDE.app/Contents/Eclipse/plugins/com.st.stm32cube.ide.mcu.externaltools.gnu-tools-for-stm32.14.3.rel1.macosaarch64_1.0.0.202602081740/tools/bin/../lib/gcc/arm-none-eabi/14.3.1/../../../../arm-none-eabi/lib/thumb/v7-m/nofp/libc_nano.a(libc_a-findfp.o)
 .text.stdio_exit_handler
                0x08005d70       0x18 /Applications/STM32CubeIDE.app/Contents/Eclipse/plugins/com.st.stm32cube.ide.mcu.externaltools.gnu-tools-for-stm32.14.3.rel1.macosaarch64_1.0.0.202602081740/tools/bin/../lib/gcc/arm-none-eabi/14.3.1/../../../../arm-none-eabi/lib/thumb/v7-m/nofp/libc_nano.a(libc_a-findfp.o)
 .text.cleanup_stdio
                0x08005d88       0x40 /Applications/STM32CubeIDE.app/Contents/Eclipse/plugins/com.st.stm32cube.ide.mcu.externaltools.gnu-tools-for-stm32.14.3.rel1.macosaarch64_1.0.0.202602081740/tools/bin/../lib/gcc/arm-none-eabi/14.3.1/../../../../arm-none-eabi/lib/thumb/v7-m/nofp/libc_nano.a(libc_a-findfp.o)
 .text.global_stdio_init.part.0
                0x08005dc8       0x40 /Applications/STM32CubeIDE.app/Contents/Eclipse/plugins/com.st.stm32cube.ide.mcu.externaltools.gnu-tools-for-stm32.14.3.rel1.macosaarch64_1.0.0.202602081740/tools/bin/../lib/gcc/arm-none-eabi/14.3.1/../../../../arm-none-eabi/lib/thumb/v7-m/nofp/libc_nano.a(libc_a-findfp.o)
 .text.__sfp_lock_acquire
                0x08005e08        0xc /Applications/STM32CubeIDE.app/Contents/Eclipse/plugins/com.st.stm32cube.ide.mcu.externaltools.gnu-tools-for-stm32.14.3.rel1.macosaarch64_1.0.0.202602081740/tools/bin/../lib/gcc/arm-none-eabi/14.3.1/../../../../arm-none-eabi/lib/thumb/v7-m/nofp/libc_nano.a(libc_a-findfp.o)
                0x08005e08                __sfp_lock_acquire
 .text.__sfp_lock_release
                0x08005e14        0xc /Applications/STM32CubeIDE.app/Contents/Eclipse/plugins/com.st.stm32cube.ide.mcu.externaltools.gnu-tools-for-stm32.14.3.rel1.macosaarch64_1.0.0.202602081740/tools/bin/../lib/gcc/arm-none-eabi/14.3.1/../../../../arm-none-eabi/lib/thumb/v7-m/nofp/libc_nano.a(libc_a-findfp.o)
                0x08005e14                __sfp_lock_release
 .text.__sinit  0x08005e20       0x30 /Applications/STM32CubeIDE.app/Contents/Eclipse/plugins/com.st.stm32cube.ide.mcu.externaltools.gnu-tools-for-stm32.14.3.rel1.macosaarch64_1.0.0.202602081740/tools/bin/../lib/gcc/arm-none-eabi/14.3.1/../../../../arm-none-eabi/lib/thumb/v7-m/nofp/libc_nano.a(libc_a-findfp.o)
                0x08005e20                __sinit
 .text._fwalk_sglue
                0x08005e50       0x3c /Applications/STM32CubeIDE.app/Contents/Eclipse/plugins/com.st.stm32cube.ide.mcu.externaltools.gnu-tools-for-stm32.14.3.rel1.macosaarch64_1.0.0.202602081740/tools/bin/../lib/gcc/arm-none-eabi/14.3.1/../../../../arm-none-eabi/lib/thumb/v7-m/nofp/libc_nano.a(libc_a-fwalk.o)
                0x08005e50                _fwalk_sglue
 .text.printf   0x08005e8c       0x24 /Applications/STM32CubeIDE.app/Contents/Eclipse/plugins/com.st.stm32cube.ide.mcu.externaltools.gnu-tools-for-stm32.14.3.rel1.macosaarch64_1.0.0.202602081740/tools/bin/../lib/gcc/arm-none-eabi/14.3.1/../../../../arm-none-eabi/lib/thumb/v7-m/nofp/libc_nano.a(libc_a-printf.o)
                0x08005e8c                printf
                0x08005e8c                iprintf
 .text._puts_r  0x08005eb0       0xaa /Applications/STM32CubeIDE.app/Contents/Eclipse/plugins/com.st.stm32cube.ide.mcu.externaltools.gnu-tools-for-stm32.14.3.rel1.macosaarch64_1.0.0.202602081740/tools/bin/../lib/gcc/arm-none-eabi/14.3.1/../../../../arm-none-eabi/lib/thumb/v7-m/nofp/libc_nano.a(libc_a-puts.o)
                0x08005eb0                _puts_r
 *fill*         0x08005f5a        0x2 
 .text.puts     0x08005f5c       0x10 /Applications/STM32CubeIDE.app/Contents/Eclipse/plugins/com.st.stm32cube.ide.mcu.externaltools.gnu-tools-for-stm32.14.3.rel1.macosaarch64_1.0.0.202602081740/tools/bin/../lib/gcc/arm-none-eabi/14.3.1/../../../../arm-none-eabi/lib/thumb/v7-m/nofp/libc_nano.a(libc_a-puts.o)
                0x08005f5c                puts
 .text.memset   0x08005f6c       0x10 /Applications/STM32CubeIDE.app/Contents/Eclipse/plugins/com.st.stm32cube.ide.mcu.externaltools.gnu-tools-for-stm32.14.3.rel1.macosaarch64_1.0.0.202602081740/tools/bin/../lib/gcc/arm-none-eabi/14.3.1/../../../../arm-none-eabi/lib/thumb/v7-m/nofp/libc_nano.a(libc_a-memset.o)
                0x08005f6c                memset
 .text.__errno  0x08005f7c        0xc /Applications/STM32CubeIDE.app/Contents/Eclipse/plugins/com.st.stm32cube.ide.mcu.externaltools.gnu-tools-for-stm32.14.3.rel1.macosaarch64_1.0.0.202602081740/tools/bin/../lib/gcc/arm-none-eabi/14.3.1/../../../../arm-none-eabi/lib/thumb/v7-m/nofp/libc_nano.a(libc_a-errno.o)
                0x08005f7c                __errno
 .text.__libc_init_array
                0x08005f88       0x48 /Applications/STM32CubeIDE.app/Contents/Eclipse/plugins/com.st.stm32cube.ide.mcu.externaltools.gnu-tools-for-stm32.14.3.rel1.macosaarch64_1.0.0.202602081740/tools/bin/../lib/gcc/arm-none-eabi/14.3.1/../../../../arm-none-eabi/lib/thumb/v7-m/nofp/libc_nano.a(libc_a-init.o)
                0x08005f88                __libc_init_array
 .text.__retarget_lock_init_recursive
                0x08005fd0        0x2 /Applications/STM32CubeIDE.app/Contents/Eclipse/plugins/com.st.stm32cube.ide.mcu.externaltools.gnu-tools-for-stm32.14.3.rel1.macosaarch64_1.0.0.202602081740/tools/bin/../lib/gcc/arm-none-eabi/14.3.1/../../../../arm-none-eabi/lib/thumb/v7-m/nofp/libc_nano.a(libc_a-lock.o)
                0x08005fd0                __retarget_lock_init_recursive
 .text.__retarget_lock_acquire_recursive
                0x08005fd2        0x2 /Applications/STM32CubeIDE.app/Contents/Eclipse/plugins/com.st.stm32cube.ide.mcu.externaltools.gnu-tools-for-stm32.14.3.rel1.macosaarch64_1.0.0.202602081740/tools/bin/../lib/gcc/arm-none-eabi/14.3.1/../../../../arm-none-eabi/lib/thumb/v7-m/nofp/libc_nano.a(libc_a-lock.o)
                0x08005fd2                __retarget_lock_acquire_recursive
 .text.__retarget_lock_release_recursive
                0x08005fd4        0x2 /Applications/STM32CubeIDE.app/Contents/Eclipse/plugins/com.st.stm32cube.ide.mcu.externaltools.gnu-tools-for-stm32.14.3.rel1.macosaarch64_1.0.0.202602081740/tools/bin/../lib/gcc/arm-none-eabi/14.3.1/../../../../arm-none-eabi/lib/thumb/v7-m/nofp/libc_nano.a(libc_a-lock.o)
                0x08005fd4                __retarget_lock_release_recursive
 .text.__sfputc_r
                0x08005fd6       0x2a /Applications/STM32CubeIDE.app/Contents/Eclipse/plugins/com.st.stm32cube.ide.mcu.externaltools.gnu-tools-for-stm32.14.3.rel1.macosaarch64_1.0.0.202602081740/tools/bin/../lib/gcc/arm-none-eabi/14.3.1/../../../../arm-none-eabi/lib/thumb/v7-m/nofp/libc_nano.a(libc_a-nano-vfprintf.o)
 .text.__sfputs_r
                0x08006000       0x24 /Applications/STM32CubeIDE.app/Contents/Eclipse/plugins/com.st.stm32cube.ide.mcu.externaltools.gnu-tools-for-stm32.14.3.rel1.macosaarch64_1.0.0.202602081740/tools/bin/../lib/gcc/arm-none-eabi/14.3.1/../../../../arm-none-eabi/lib/thumb/v7-m/nofp/libc_nano.a(libc_a-nano-vfprintf.o)
                0x08006000                __sfputs_r
 .text._vfprintf_r
                0x08006024      0x228 /Applications/STM32CubeIDE.app/Contents/Eclipse/plugins/com.st.stm32cube.ide.mcu.externaltools.gnu-tools-for-stm32.14.3.rel1.macosaarch64_1.0.0.202602081740/tools/bin/../lib/gcc/arm-none-eabi/14.3.1/../../../../arm-none-eabi/lib/thumb/v7-m/nofp/libc_nano.a(libc_a-nano-vfprintf.o)
                0x08006024                _vfiprintf_r
                0x08006024                _vfprintf_r
 .text.sbrk_aligned
                0x0800624c       0x44 /Applications/STM32CubeIDE.app/Contents/Eclipse/plugins/com.st.stm32cube.ide.mcu.externaltools.gnu-tools-for-stm32.14.3.rel1.macosaarch64_1.0.0.202602081740/tools/bin/../lib/gcc/arm-none-eabi/14.3.1/../../../../arm-none-eabi/lib/thumb/v7-m/nofp/libc_nano.a(libc_a-mallocr.o)
 .text._malloc_r
                0x08006290      0x100 /Applications/STM32CubeIDE.app/Contents/Eclipse/plugins/com.st.stm32cube.ide.mcu.externaltools.gnu-tools-for-stm32.14.3.rel1.macosaarch64_1.0.0.202602081740/tools/bin/../lib/gcc/arm-none-eabi/14.3.1/../../../../arm-none-eabi/lib/thumb/v7-m/nofp/libc_nano.a(libc_a-mallocr.o)
                0x08006290                _malloc_r
 .text._printf_common
                0x08006390       0xe4 /Applications/STM32CubeIDE.app/Contents/Eclipse/plugins/com.st.stm32cube.ide.mcu.externaltools.gnu-tools-for-stm32.14.3.rel1.macosaarch64_1.0.0.202602081740/tools/bin/../lib/gcc/arm-none-eabi/14.3.1/../../../../arm-none-eabi/lib/thumb/v7-m/nofp/libc_nano.a(libc_a-nano-vfprintf_i.o)
                0x08006390                _printf_common
 .text._printf_i
                0x08006474      0x24c /Applications/STM32CubeIDE.app/Contents/Eclipse/plugins/com.st.stm32cube.ide.mcu.externaltools.gnu-tools-for-stm32.14.3.rel1.macosaarch64_1.0.0.202602081740/tools/bin/../lib/gcc/arm-none-eabi/14.3.1/../../../../arm-none-eabi/lib/thumb/v7-m/nofp/libc_nano.a(libc_a-nano-vfprintf_i.o)
                0x08006474                _printf_i
 .text.__sflush_r
                0x080066c0       0xfc /Applications/STM32CubeIDE.app/Contents/Eclipse/plugins/com.st.stm32cube.ide.mcu.externaltools.gnu-tools-for-stm32.14.3.rel1.macosaarch64_1.0.0.202602081740/tools/bin/../lib/gcc/arm-none-eabi/14.3.1/../../../../arm-none-eabi/lib/thumb/v7-m/nofp/libc_nano.a(libc_a-fflush.o)
                0x080066c0                __sflush_r
 .text._fflush_r
                0x080067bc       0x50 /Applications/STM32CubeIDE.app/Contents/Eclipse/plugins/com.st.stm32cube.ide.mcu.externaltools.gnu-tools-for-stm32.14.3.rel1.macosaarch64_1.0.0.202602081740/tools/bin/../lib/gcc/arm-none-eabi/14.3.1/../../../../arm-none-eabi/lib/thumb/v7-m/nofp/libc_nano.a(libc_a-fflush.o)
                0x080067bc                _fflush_r
 .text.__malloc_lock
                0x0800680c        0xc /Applications/STM32CubeIDE.app/Contents/Eclipse/plugins/com.st.stm32cube.ide.mcu.externaltools.gnu-tools-for-stm32.14.3.rel1.macosaarch64_1.0.0.202602081740/tools/bin/../lib/gcc/arm-none-eabi/14.3.1/../../../../arm-none-eabi/lib/thumb/v7-m/nofp/libc_nano.a(libc_a-mlock.o)
                0x0800680c                __malloc_lock
 .text.__malloc_unlock
                0x08006818        0xc /Applications/STM32CubeIDE.app/Contents/Eclipse/plugins/com.st.stm32cube.ide.mcu.externaltools.gnu-tools-for-stm32.14.3.rel1.macosaarch64_1.0.0.202602081740/tools/bin/../lib/gcc/arm-none-eabi/14.3.1/../../../../arm-none-eabi/lib/thumb/v7-m/nofp/libc_nano.a(libc_a-mlock.o)
                0x08006818                __malloc_unlock
 .text.__sread  0x08006824       0x22 /Applications/STM32CubeIDE.app/Contents/Eclipse/plugins/com.st.stm32cube.ide.mcu.externaltools.gnu-tools-for-stm32.14.3.rel1.macosaarch64_1.0.0.202602081740/tools/bin/../lib/gcc/arm-none-eabi/14.3.1/../../../../arm-none-eabi/lib/thumb/v7-m/nofp/libc_nano.a(libc_a-stdio.o)
                0x08006824                __sread
 .text.__swrite
                0x08006846       0x38 /Applications/STM32CubeIDE.app/Contents/Eclipse/plugins/com.st.stm32cube.ide.mcu.externaltools.gnu-tools-for-stm32.14.3.rel1.macosaarch64_1.0.0.202602081740/tools/bin/../lib/gcc/arm-none-eabi/14.3.1/../../../../arm-none-eabi/lib/thumb/v7-m/nofp/libc_nano.a(libc_a-stdio.o)
                0x08006846                __swrite
 .text.__sseek  0x0800687e       0x26 /Applications/STM32CubeIDE.app/Contents/Eclipse/plugins/com.st.stm32cube.ide.mcu.externaltools.gnu-tools-for-stm32.14.3.rel1.macosaarch64_1.0.0.202602081740/tools/bin/../lib/gcc/arm-none-eabi/14.3.1/../../../../arm-none-eabi/lib/thumb/v7-m/nofp/libc_nano.a(libc_a-stdio.o)
                0x0800687e                __sseek
 .text.__sclose
                0x080068a4        0x8 /Applications/STM32CubeIDE.app/Contents/Eclipse/plugins/com.st.stm32cube.ide.mcu.externaltools.gnu-tools-for-stm32.14.3.rel1.macosaarch64_1.0.0.202602081740/tools/bin/../lib/gcc/arm-none-eabi/14.3.1/../../../../arm-none-eabi/lib/thumb/v7-m/nofp/libc_nano.a(libc_a-stdio.o)
                0x080068a4                __sclose
 .text.__swbuf_r
                0x080068ac       0x7c /Applications/STM32CubeIDE.app/Contents/Eclipse/plugins/com.st.stm32cube.ide.mcu.externaltools.gnu-tools-for-stm32.14.3.rel1.macosaarch64_1.0.0.202602081740/tools/bin/../lib/gcc/arm-none-eabi/14.3.1/../../../../arm-none-eabi/lib/thumb/v7-m/nofp/libc_nano.a(libc_a-wbuf.o)
                0x080068ac                __swbuf_r
 .text.__swsetup_r
                0x08006928       0xa8 /Applications/STM32CubeIDE.app/Contents/Eclipse/plugins/com.st.stm32cube.ide.mcu.externaltools.gnu-tools-for-stm32.14.3.rel1.macosaarch64_1.0.0.202602081740/tools/bin/../lib/gcc/arm-none-eabi/14.3.1/../../../../arm-none-eabi/lib/thumb/v7-m/nofp/libc_nano.a(libc_a-wsetup.o)
                0x08006928                __swsetup_r
 .text.__swhatbuf_r
                0x080069d0       0x48 /Applications/STM32CubeIDE.app/Contents/Eclipse/plugins/com.st.stm32cube.ide.mcu.externaltools.gnu-tools-for-stm32.14.3.rel1.macosaarch64_1.0.0.202602081740/tools/bin/../lib/gcc/arm-none-eabi/14.3.1/../../../../arm-none-eabi/lib/thumb/v7-m/nofp/libc_nano.a(libc_a-makebuf.o)
                0x080069d0                __swhatbuf_r
 .text.__smakebuf_r
                0x08006a18       0x72 /Applications/STM32CubeIDE.app/Contents/Eclipse/plugins/com.st.stm32cube.ide.mcu.externaltools.gnu-tools-for-stm32.14.3.rel1.macosaarch64_1.0.0.202602081740/tools/bin/../lib/gcc/arm-none-eabi/14.3.1/../../../../arm-none-eabi/lib/thumb/v7-m/nofp/libc_nano.a(libc_a-makebuf.o)
                0x08006a18                __smakebuf_r
 *fill*         0x08006a8a        0x2 
 .text._isatty_r
                0x08006a8c       0x20 /Applications/STM32CubeIDE.app/Contents/Eclipse/plugins/com.st.stm32cube.ide.mcu.externaltools.gnu-tools-for-stm32.14.3.rel1.macosaarch64_1.0.0.202602081740/tools/bin/../lib/gcc/arm-none-eabi/14.3.1/../../../../arm-none-eabi/lib/thumb/v7-m/nofp/libc_nano.a(libc_a-isattyr.o)
                0x08006a8c                _isatty_r
 .text._lseek_r
                0x08006aac       0x24 /Applications/STM32CubeIDE.app/Contents/Eclipse/plugins/com.st.stm32cube.ide.mcu.externaltools.gnu-tools-for-stm32.14.3.rel1.macosaarch64_1.0.0.202602081740/tools/bin/../lib/gcc/arm-none-eabi/14.3.1/../../../../arm-none-eabi/lib/thumb/v7-m/nofp/libc_nano.a(libc_a-lseekr.o)
                0x08006aac                _lseek_r
 .text._read_r  0x08006ad0       0x24 /Applications/STM32CubeIDE.app/Contents/Eclipse/plugins/com.st.stm32cube.ide.mcu.externaltools.gnu-tools-for-stm32.14.3.rel1.macosaarch64_1.0.0.202602081740/tools/bin/../lib/gcc/arm-none-eabi/14.3.1/../../../../arm-none-eabi/lib/thumb/v7-m/nofp/libc_nano.a(libc_a-readr.o)
                0x08006ad0                _read_r
 .text._sbrk_r  0x08006af4       0x20 /Applications/STM32CubeIDE.app/Contents/Eclipse/plugins/com.st.stm32cube.ide.mcu.externaltools.gnu-tools-for-stm32.14.3.rel1.macosaarch64_1.0.0.202602081740/tools/bin/../lib/gcc/arm-none-eabi/14.3.1/../../../../arm-none-eabi/lib/thumb/v7-m/nofp/libc_nano.a(libc_a-sbrkr.o)
                0x08006af4                _sbrk_r
 .text._write_r
                0x08006b14       0x24 /Applications/STM32CubeIDE.app/Contents/Eclipse/plugins/com.st.stm32cube.ide.mcu.externaltools.gnu-tools-for-stm32.14.3.rel1.macosaarch64_1.0.0.202602081740/tools/bin/../lib/gcc/arm-none-eabi/14.3.1/../../../../arm-none-eabi/lib/thumb/v7-m/nofp/libc_nano.a(libc_a-writer.o)
                0x08006b14                _write_r
 .text._close_r
                0x08006b38       0x20 /Applications/STM32CubeIDE.app/Contents/Eclipse/plugins/com.st.stm32cube.ide.mcu.externaltools.gnu-tools-for-stm32.14.3.rel1.macosaarch64_1.0.0.202602081740/tools/bin/../lib/gcc/arm-none-eabi/14.3.1/../../../../arm-none-eabi/lib/thumb/v7-m/nofp/libc_nano.a(libc_a-closer.o)
                0x08006b38                _close_r
 .text._fstat_r
                0x08006b58       0x24 /Applications/STM32CubeIDE.app/Contents/Eclipse/plugins/com.st.stm32cube.ide.mcu.externaltools.gnu-tools-for-stm32.14.3.rel1.macosaarch64_1.0.0.202602081740/tools/bin/../lib/gcc/arm-none-eabi/14.3.1/../../../../arm-none-eabi/lib/thumb/v7-m/nofp/libc_nano.a(libc_a-fstatr.o)
                0x08006b58                _fstat_r
 .text.memchr   0x08006b7c       0x1c /Applications/STM32CubeIDE.app/Contents/Eclipse/plugins/com.st.stm32cube.ide.mcu.externaltools.gnu-tools-for-stm32.14.3.rel1.macosaarch64_1.0.0.202602081740/tools/bin/../lib/gcc/arm-none-eabi/14.3.1/../../../../arm-none-eabi/lib/thumb/v7-m/nofp/libc_nano.a(libc_a-memchr-stub.o)
                0x08006b7c                memchr
 .text._free_r  0x08006b98       0x90 /Applications/STM32CubeIDE.app/Contents/Eclipse/plugins/com.st.stm32cube.ide.mcu.externaltools.gnu-tools-for-stm32.14.3.rel1.macosaarch64_1.0.0.202602081740/tools/bin/../lib/gcc/arm-none-eabi/14.3.1/../../../../arm-none-eabi/lib/thumb/v7-m/nofp/libc_nano.a(libc_a-freer.o)
                0x08006b98                _free_r
 .text.sqrtf    0x08006c28       0x3c /Applications/STM32CubeIDE.app/Contents/Eclipse/plugins/com.st.stm32cube.ide.mcu.externaltools.gnu-tools-for-stm32.14.3.rel1.macosaarch64_1.0.0.202602081740/tools/bin/../lib/gcc/arm-none-eabi/14.3.1/../../../../arm-none-eabi/lib/thumb/v7-m/nofp/libm.a(libm_a-wf_sqrt.o)
                0x08006c28                sqrtf
 .text.__ieee754_sqrtf
                0x08006c64       0xe4 /Applications/STM32CubeIDE.app/Contents/Eclipse/plugins/com.st.stm32cube.ide.mcu.externaltools.gnu-tools-for-stm32.14.3.rel1.macosaarch64_1.0.0.202602081740/tools/bin/../lib/gcc/arm-none-eabi/14.3.1/../../../../arm-none-eabi/lib/thumb/v7-m/nofp/libm.a(libm_a-ef_sqrt.o)
                0x08006c64                __ieee754_sqrtf
 *(.glue_7)
 .glue_7        0x08006d48        0x0 linker stubs
 *(.glue_7t)
 .glue_7t       0x08006d48        0x0 linker stubs
 *(.eh_frame)
 .eh_frame      0x08006d48        0x0 /Applications/STM32CubeIDE.app/Contents/Eclipse/plugins/com.st.stm32cube.ide.mcu.externaltools.gnu-tools-for-stm32.14.3.rel1.macosaarch64_1.0.0.202602081740/tools/bin/../lib/gcc/arm-none-eabi/14.3.1/thumb/v7-m/nofp/crtbegin.o
 *(.init)
 .init          0x08006d48        0x4 /Applications/STM32CubeIDE.app/Contents/Eclipse/plugins/com.st.stm32cube.ide.mcu.externaltools.gnu-tools-for-stm32.14.3.rel1.macosaarch64_1.0.0.202602081740/tools/bin/../lib/gcc/arm-none-eabi/14.3.1/thumb/v7-m/nofp/crti.o
                0x08006d48                _init
 .init          0x08006d4c        0x8 /Applications/STM32CubeIDE.app/Contents/Eclipse/plugins/com.st.stm32cube.ide.mcu.externaltools.gnu-tools-for-stm32.14.3.rel1.macosaarch64_1.0.0.202602081740/tools/bin/../lib/gcc/arm-none-eabi/14.3.1/thumb/v7-m/nofp/crtn.o
 *(.fini)
 .fini          0x08006d54        0x4 /Applications/STM32CubeIDE.app/Contents/Eclipse/plugins/com.st.stm32cube.ide.mcu.externaltools.gnu-tools-for-stm32.14.3.rel1.macosaarch64_1.0.0.202602081740/tools/bin/../lib/gcc/arm-none-eabi/14.3.1/thumb/v7-m/nofp/crti.o
                0x08006d54                _fini
 .fini          0x08006d58        0x8 /Applications/STM32CubeIDE.app/Contents/Eclipse/plugins/com.st.stm32cube.ide.mcu.externaltools.gnu-tools-for-stm32.14.3.rel1.macosaarch64_1.0.0.202602081740/tools/bin/../lib/gcc/arm-none-eabi/14.3.1/thumb/v7-m/nofp/crtn.o
                0x08006d60                        . = ALIGN (0x4)
                0x08006d60                        _etext = .

.vfp11_veneer   0x08006d60        0x0
 .vfp11_veneer  0x08006d60        0x0 linker stubs

.v4_bx          0x08006d60        0x0
 .v4_bx         0x08006d60        0x0 linker stubs

.iplt           0x08006d60        0x0
 .iplt          0x08006d60        0x0 /Applications/STM32CubeIDE.app/Contents/Eclipse/plugins/com.st.stm32cube.ide.mcu.externaltools.gnu-tools-for-stm32.14.3.rel1.macosaarch64_1.0.0.202602081740/tools/bin/../lib/gcc/arm-none-eabi/14.3.1/thumb/v7-m/nofp/crtbegin.o

.rodata         0x08006d60      0x3c4
                0x08006d60                        . = ALIGN (0x4)
 *(.rodata)
 .rodata        0x08006d60      0x326 ./Core/Src/main.o
 *(.rodata*)
 *fill*         0x08007086        0x2 
 .rodata.MAX7219_Font
                0x08007088       0x3a ./Core/Src/max7219_Yncrea2.o
 *fill*         0x080070c2        0x2 
 .rodata.PLLMulTable
                0x080070c4        0x9 ./Core/Src/system_stm32l1xx.o
                0x080070c4                PLLMulTable
 *fill*         0x080070cd        0x3 
 .rodata.AHBPrescTable
                0x080070d0       0x10 ./Core/Src/system_stm32l1xx.o
                0x080070d0                AHBPrescTable
 .rodata.APBPrescTable
                0x080070e0        0x8 ./Core/Src/system_stm32l1xx.o
                0x080070e0                APBPrescTable
 .rodata._vfprintf_r.str1.1
                0x080070e8       0x33 /Applications/STM32CubeIDE.app/Contents/Eclipse/plugins/com.st.stm32cube.ide.mcu.externaltools.gnu-tools-for-stm32.14.3.rel1.macosaarch64_1.0.0.202602081740/tools/bin/../lib/gcc/arm-none-eabi/14.3.1/../../../../arm-none-eabi/lib/thumb/v7-m/nofp/libc_nano.a(libc_a-nano-vfprintf.o)
                                 0x11 (size before relaxing)
 .rodata._printf_i.str1.1
                0x0800711b       0x22 /Applications/STM32CubeIDE.app/Contents/Eclipse/plugins/com.st.stm32cube.ide.mcu.externaltools.gnu-tools-for-stm32.14.3.rel1.macosaarch64_1.0.0.202602081740/tools/bin/../lib/gcc/arm-none-eabi/14.3.1/../../../../arm-none-eabi/lib/thumb/v7-m/nofp/libc_nano.a(libc_a-nano-vfprintf_i.o)
 *fill*         0x0800711b        0x1 
 .rodata.tiny   0x0800711c        0x4 /Applications/STM32CubeIDE.app/Contents/Eclipse/plugins/com.st.stm32cube.ide.mcu.externaltools.gnu-tools-for-stm32.14.3.rel1.macosaarch64_1.0.0.202602081740/tools/bin/../lib/gcc/arm-none-eabi/14.3.1/../../../../arm-none-eabi/lib/thumb/v7-m/nofp/libm.a(libm_a-ef_sqrt.o)
 .rodata.one    0x08007120        0x4 /Applications/STM32CubeIDE.app/Contents/Eclipse/plugins/com.st.stm32cube.ide.mcu.externaltools.gnu-tools-for-stm32.14.3.rel1.macosaarch64_1.0.0.202602081740/tools/bin/../lib/gcc/arm-none-eabi/14.3.1/../../../../arm-none-eabi/lib/thumb/v7-m/nofp/libm.a(libm_a-ef_sqrt.o)
                0x08007124                        . = ALIGN (0x4)

.ARM.extab      0x08007124        0x0
                0x08007124                        . = ALIGN (0x4)
 *(.ARM.extab* .gnu.linkonce.armextab.*)
                0x08007124                        . = ALIGN (0x4)

.ARM            0x08007124        0x8
                0x08007124                        . = ALIGN (0x4)
                0x08007124                        __exidx_start = .
 *(.ARM.exidx*)
 .ARM.exidx     0x08007124        0x8 /Applications/STM32CubeIDE.app/Contents/Eclipse/plugins/com.st.stm32cube.ide.mcu.externaltools.gnu-tools-for-stm32.14.3.rel1.macosaarch64_1.0.0.202602081740/tools/bin/../lib/gcc/arm-none-eabi/14.3.1/thumb/v7-m/nofp/libgcc.a(_udivmoddi4.o)
                0x0800712c                        __exidx_end = .
                0x0800712c                        . = ALIGN (0x4)

.preinit_array  0x0800712c        0x0
                0x0800712c                        . = ALIGN (0x4)
                0x0800712c                        PROVIDE (__preinit_array_start = .)
 *(.preinit_array*)
                0x0800712c                        PROVIDE (__preinit_array_end = .)
                0x0800712c                        . = ALIGN (0x4)

.init_array     0x0800712c        0x4
                0x0800712c                        . = ALIGN (0x4)
                0x0800712c                        PROVIDE (__init_array_start = .)
 *(SORT_BY_NAME(.init_array.*))
 *(.init_array*)
 .init_array    0x0800712c        0x4 /Applications/STM32CubeIDE.app/Contents/Eclipse/plugins/com.st.stm32cube.ide.mcu.externaltools.gnu-tools-for-stm32.14.3.rel1.macosaarch64_1.0.0.202602081740/tools/bin/../lib/gcc/arm-none-eabi/14.3.1/thumb/v7-m/nofp/crtbegin.o
                0x08007130                        PROVIDE (__init_array_end = .)
                0x08007130                        . = ALIGN (0x4)

.fini_array     0x08007130        0x4
                0x08007130                        . = ALIGN (0x4)
                [!provide]                        PROVIDE (__fini_array_start = .)
 *(SORT_BY_NAME(.fini_array.*))
 *(.fini_array*)
 .fini_array    0x08007130        0x4 /Applications/STM32CubeIDE.app/Contents/Eclipse/plugins/com.st.stm32cube.ide.mcu.externaltools.gnu-tools-for-stm32.14.3.rel1.macosaarch64_1.0.0.202602081740/tools/bin/../lib/gcc/arm-none-eabi/14.3.1/thumb/v7-m/nofp/crtbegin.o
                [!provide]                        PROVIDE (__fini_array_end = .)
                0x08007134                        . = ALIGN (0x4)
                0x08007134                        _sidata = LOADADDR (.data)

.rel.dyn        0x08007134        0x0
 .rel.iplt      0x08007134        0x0 /Applications/STM32CubeIDE.app/Contents/Eclipse/plugins/com.st.stm32cube.ide.mcu.externaltools.gnu-tools-for-stm32.14.3.rel1.macosaarch64_1.0.0.202602081740/tools/bin/../lib/gcc/arm-none-eabi/14.3.1/thumb/v7-m/nofp/crtbegin.o

.data           0x20000000       0x70 load address 0x08007134
                0x20000000                        . = ALIGN (0x4)
                0x20000000                        _sdata = .
 *(.data)
 *(.data*)
 .data.mag.3    0x20000000        0x4 ./Core/Src/main.o
 .data.last_shown.0
                0x20000004        0x4 ./Core/Src/main.o
 .data.SystemCoreClock
                0x20000008        0x4 ./Core/Src/system_stm32l1xx.o
                0x20000008                SystemCoreClock
 .data.uwTickPrio
                0x2000000c        0x4 ./Drivers/STM32L1xx_HAL_Driver/Src/stm32l1xx_hal.o
                0x2000000c                uwTickPrio
 .data.uwTickFreq
                0x20000010        0x4 ./Drivers/STM32L1xx_HAL_Driver/Src/stm32l1xx_hal.o
                0x20000010                uwTickFreq
 .data.__sglue  0x20000014        0xc /Applications/STM32CubeIDE.app/Contents/Eclipse/plugins/com.st.stm32cube.ide.mcu.externaltools.gnu-tools-for-stm32.14.3.rel1.macosaarch64_1.0.0.202602081740/tools/bin/../lib/gcc/arm-none-eabi/14.3.1/../../../../arm-none-eabi/lib/thumb/v7-m/nofp/libc_nano.a(libc_a-findfp.o)
                0x20000014                __sglue
 .data._impure_ptr
                0x20000020        0x4 /Applications/STM32CubeIDE.app/Contents/Eclipse/plugins/com.st.stm32cube.ide.mcu.externaltools.gnu-tools-for-stm32.14.3.rel1.macosaarch64_1.0.0.202602081740/tools/bin/../lib/gcc/arm-none-eabi/14.3.1/../../../../arm-none-eabi/lib/thumb/v7-m/nofp/libc_nano.a(libc_a-impure.o)
                0x20000020                _impure_ptr
 .data._impure_data
                0x20000024       0x4c /Applications/STM32CubeIDE.app/Contents/Eclipse/plugins/com.st.stm32cube.ide.mcu.externaltools.gnu-tools-for-stm32.14.3.rel1.macosaarch64_1.0.0.202602081740/tools/bin/../lib/gcc/arm-none-eabi/14.3.1/../../../../arm-none-eabi/lib/thumb/v7-m/nofp/libc_nano.a(libc_a-impure.o)
                0x20000024                _impure_data
 *(.RamFunc)
 *(.RamFunc*)
                0x20000070                        . = ALIGN (0x4)
                0x20000070                        _edata = .

.igot.plt       0x20000070        0x0 load address 0x080071a4
 .igot.plt      0x20000070        0x0 /Applications/STM32CubeIDE.app/Contents/Eclipse/plugins/com.st.stm32cube.ide.mcu.externaltools.gnu-tools-for-stm32.14.3.rel1.macosaarch64_1.0.0.202602081740/tools/bin/../lib/gcc/arm-none-eabi/14.3.1/thumb/v7-m/nofp/crtbegin.o
                0x20000070                        . = ALIGN (0x4)

.bss            0x20000070      0x328 load address 0x080071a4
                0x20000070                        _sbss = .
                0x20000070                        __bss_start__ = _sbss
 *(.bss)
 .bss           0x20000070       0x1c /Applications/STM32CubeIDE.app/Contents/Eclipse/plugins/com.st.stm32cube.ide.mcu.externaltools.gnu-tools-for-stm32.14.3.rel1.macosaarch64_1.0.0.202602081740/tools/bin/../lib/gcc/arm-none-eabi/14.3.1/thumb/v7-m/nofp/crtbegin.o
 *(.bss*)
 .bss.hadc      0x2000008c       0x54 ./Core/Src/main.o
                0x2000008c                hadc
 .bss.hi2c1     0x200000e0       0x54 ./Core/Src/main.o
                0x200000e0                hi2c1
 .bss.hspi1     0x20000134       0x58 ./Core/Src/main.o
                0x20000134                hspi1
 .bss.htim6     0x2000018c       0x40 ./Core/Src/main.o
                0x2000018c                htim6
 .bss.huart2    0x200001cc       0x48 ./Core/Src/main.o
                0x200001cc                huart2
 .bss.state     0x20000214        0x1 ./Core/Src/main.o
                0x20000214                state
 *fill*         0x20000215        0x3 
 .bss.t_start   0x20000218        0x4 ./Core/Src/main.o
                0x20000218                t_start
 .bss.hang_time
                0x2000021c        0x4 ./Core/Src/main.o
                0x2000021c                hang_time
 .bss.flag_takeoff
                0x20000220        0x1 ./Core/Src/main.o
                0x20000220                flag_takeoff
 .bss.flag_landing
                0x20000221        0x1 ./Core/Src/main.o
                0x20000221                flag_landing
 *fill*         0x20000222        0x2 
 .bss.exti3_irq_count
                0x20000224        0x4 ./Core/Src/main.o
                0x20000224                exti3_irq_count
 .bss.exti4_irq_count
                0x20000228        0x4 ./Core/Src/main.o
                0x20000228                exti4_irq_count
 .bss.tim_ms    0x2000022c        0x4 ./Core/Src/main.o
                0x2000022c                tim_ms
 .bss.last_acc.4
                0x20000230        0x4 ./Core/Src/main.o
 .bss.last_log.2
                0x20000234        0x4 ./Core/Src/main.o
 .bss.prev_state.1
                0x20000238        0x1 ./Core/Src/main.o
 *fill*         0x20000239        0x3 
 .bss.last_bp1.1
                0x2000023c        0x4 ./Core/Src/stm32l1xx_it.o
 .bss.last_bp2.0
                0x20000240        0x4 ./Core/Src/stm32l1xx_it.o
 .bss.__sbrk_heap_end
                0x20000244        0x4 ./Core/Src/sysmem.o
 .bss.uwTick    0x20000248        0x4 ./Drivers/STM32L1xx_HAL_Driver/Src/stm32l1xx_hal.o
                0x20000248                uwTick
 .bss.__sf      0x2000024c      0x138 /Applications/STM32CubeIDE.app/Contents/Eclipse/plugins/com.st.stm32cube.ide.mcu.externaltools.gnu-tools-for-stm32.14.3.rel1.macosaarch64_1.0.0.202602081740/tools/bin/../lib/gcc/arm-none-eabi/14.3.1/../../../../arm-none-eabi/lib/thumb/v7-m/nofp/libc_nano.a(libc_a-findfp.o)
                0x2000024c                __sf
 .bss.__stdio_exit_handler
                0x20000384        0x4 /Applications/STM32CubeIDE.app/Contents/Eclipse/plugins/com.st.stm32cube.ide.mcu.externaltools.gnu-tools-for-stm32.14.3.rel1.macosaarch64_1.0.0.202602081740/tools/bin/../lib/gcc/arm-none-eabi/14.3.1/../../../../arm-none-eabi/lib/thumb/v7-m/nofp/libc_nano.a(libc_a-findfp.o)
                0x20000384                __stdio_exit_handler
 .bss.__lock___malloc_recursive_mutex
                0x20000388        0x1 /Applications/STM32CubeIDE.app/Contents/Eclipse/plugins/com.st.stm32cube.ide.mcu.externaltools.gnu-tools-for-stm32.14.3.rel1.macosaarch64_1.0.0.202602081740/tools/bin/../lib/gcc/arm-none-eabi/14.3.1/../../../../arm-none-eabi/lib/thumb/v7-m/nofp/libc_nano.a(libc_a-lock.o)
                0x20000388                __lock___malloc_recursive_mutex
 .bss.__lock___sfp_recursive_mutex
                0x20000389        0x1 /Applications/STM32CubeIDE.app/Contents/Eclipse/plugins/com.st.stm32cube.ide.mcu.externaltools.gnu-tools-for-stm32.14.3.rel1.macosaarch64_1.0.0.202602081740/tools/bin/../lib/gcc/arm-none-eabi/14.3.1/../../../../arm-none-eabi/lib/thumb/v7-m/nofp/libc_nano.a(libc_a-lock.o)
                0x20000389                __lock___sfp_recursive_mutex
 *fill*         0x2000038a        0x2 
 .bss.__malloc_sbrk_start
                0x2000038c        0x4 /Applications/STM32CubeIDE.app/Contents/Eclipse/plugins/com.st.stm32cube.ide.mcu.externaltools.gnu-tools-for-stm32.14.3.rel1.macosaarch64_1.0.0.202602081740/tools/bin/../lib/gcc/arm-none-eabi/14.3.1/../../../../arm-none-eabi/lib/thumb/v7-m/nofp/libc_nano.a(libc_a-mallocr.o)
                0x2000038c                __malloc_sbrk_start
 .bss.__malloc_free_list
                0x20000390        0x4 /Applications/STM32CubeIDE.app/Contents/Eclipse/plugins/com.st.stm32cube.ide.mcu.externaltools.gnu-tools-for-stm32.14.3.rel1.macosaarch64_1.0.0.202602081740/tools/bin/../lib/gcc/arm-none-eabi/14.3.1/../../../../arm-none-eabi/lib/thumb/v7-m/nofp/libc_nano.a(libc_a-mallocr.o)
                0x20000390                __malloc_free_list
 .bss.errno     0x20000394        0x4 /Applications/STM32CubeIDE.app/Contents/Eclipse/plugins/com.st.stm32cube.ide.mcu.externaltools.gnu-tools-for-stm32.14.3.rel1.macosaarch64_1.0.0.202602081740/tools/bin/../lib/gcc/arm-none-eabi/14.3.1/../../../../arm-none-eabi/lib/thumb/v7-m/nofp/libc_nano.a(libc_a-reent.o)
                0x20000394                errno
 *(COMMON)
                0x20000398                        . = ALIGN (0x4)
                0x20000398                        _ebss = .
                0x20000398                        __bss_end__ = _ebss

._user_heap_stack
                0x20000398      0x600 load address 0x080071a4
                0x20000398                        . = ALIGN (0x8)
                [!provide]                        PROVIDE (end = .)
                0x20000398                        PROVIDE (_end = .)
                0x20000598                        . = (. + _Min_Heap_Size)
 *fill*         0x20000398      0x200 
                0x20000998                        . = (. + _Min_Stack_Size)
 *fill*         0x20000598      0x400 
                0x20000998                        . = ALIGN (0x8)

/DISCARD/
 libc.a(*)
 libm.a(*)
 libgcc.a(*)

.ARM.attributes
                0x00000000       0x29
 *(.ARM.attributes)
 .ARM.attributes
                0x00000000       0x1d /Applications/STM32CubeIDE.app/Contents/Eclipse/plugins/com.st.stm32cube.ide.mcu.externaltools.gnu-tools-for-stm32.14.3.rel1.macosaarch64_1.0.0.202602081740/tools/bin/../lib/gcc/arm-none-eabi/14.3.1/thumb/v7-m/nofp/crti.o
 .ARM.attributes
                0x0000001d       0x2d /Applications/STM32CubeIDE.app/Contents/Eclipse/plugins/com.st.stm32cube.ide.mcu.externaltools.gnu-tools-for-stm32.14.3.rel1.macosaarch64_1.0.0.202602081740/tools/bin/../lib/gcc/arm-none-eabi/14.3.1/thumb/v7-m/nofp/crtbegin.o
 .ARM.attributes
                0x0000004a       0x2d ./Core/Src/main.o
 .ARM.attributes
                0x00000077       0x2d ./Core/Src/max7219_Yncrea2.o
 .ARM.attributes
                0x000000a4       0x2d ./Core/Src/stm32l1xx_hal_msp.o
 .ARM.attributes
                0x000000d1       0x2d ./Core/Src/stm32l1xx_it.o
 .ARM.attributes
                0x000000fe       0x2d ./Core/Src/syscalls.o
 .ARM.attributes
                0x0000012b       0x2d ./Core/Src/sysmem.o
 .ARM.attributes
                0x00000158       0x2d ./Core/Src/system_stm32l1xx.o
 .ARM.attributes
                0x00000185       0x21 ./Core/Startup/startup_stm32l152retx.o
 .ARM.attributes
                0x000001a6       0x2d ./Drivers/STM32L1xx_HAL_Driver/Src/stm32l1xx_hal.o
 .ARM.attributes
                0x000001d3       0x2d ./Drivers/STM32L1xx_HAL_Driver/Src/stm32l1xx_hal_adc.o
 .ARM.attributes
                0x00000200       0x2d ./Drivers/STM32L1xx_HAL_Driver/Src/stm32l1xx_hal_cortex.o
 .ARM.attributes
                0x0000022d       0x2d ./Drivers/STM32L1xx_HAL_Driver/Src/stm32l1xx_hal_gpio.o
 .ARM.attributes
                0x0000025a       0x2d ./Drivers/STM32L1xx_HAL_Driver/Src/stm32l1xx_hal_i2c.o
 .ARM.attributes
                0x00000287       0x2d ./Drivers/STM32L1xx_HAL_Driver/Src/stm32l1xx_hal_rcc.o
 .ARM.attributes
                0x000002b4       0x2d ./Drivers/STM32L1xx_HAL_Driver/Src/stm32l1xx_hal_spi.o
 .ARM.attributes
                0x000002e1       0x2d ./Drivers/STM32L1xx_HAL_Driver/Src/stm32l1xx_hal_tim.o
 .ARM.attributes
                0x0000030e       0x2d ./Drivers/STM32L1xx_HAL_Driver/Src/stm32l1xx_hal_tim_ex.o
 .ARM.attributes
                0x0000033b       0x2d ./Drivers/STM32L1xx_HAL_Driver/Src/stm32l1xx_hal_uart.o
 .ARM.attributes
                0x00000368       0x2d /Applications/STM32CubeIDE.app/Contents/Eclipse/plugins/com.st.stm32cube.ide.mcu.externaltools.gnu-tools-for-stm32.14.3.rel1.macosaarch64_1.0.0.202602081740/tools/bin/../lib/gcc/arm-none-eabi/14.3.1/../../../../arm-none-eabi/lib/thumb/v7-m/nofp/libc_nano.a(libc_a-findfp.o)
 .ARM.attributes
                0x00000395       0x2d /Applications/STM32CubeIDE.app/Contents/Eclipse/plugins/com.st.stm32cube.ide.mcu.externaltools.gnu-tools-for-stm32.14.3.rel1.macosaarch64_1.0.0.202602081740/tools/bin/../lib/gcc/arm-none-eabi/14.3.1/../../../../arm-none-eabi/lib/thumb/v7-m/nofp/libc_nano.a(libc_a-fwalk.o)
 .ARM.attributes
                0x000003c2       0x2d /Applications/STM32CubeIDE.app/Contents/Eclipse/plugins/com.st.stm32cube.ide.mcu.externaltools.gnu-tools-for-stm32.14.3.rel1.macosaarch64_1.0.0.202602081740/tools/bin/../lib/gcc/arm-none-eabi/14.3.1/../../../../arm-none-eabi/lib/thumb/v7-m/nofp/libc_nano.a(libc_a-printf.o)
 .ARM.attributes
                0x000003ef       0x2d /Applications/STM32CubeIDE.app/Contents/Eclipse/plugins/com.st.stm32cube.ide.mcu.externaltools.gnu-tools-for-stm32.14.3.rel1.macosaarch64_1.0.0.202602081740/tools/bin/../lib/gcc/arm-none-eabi/14.3.1/../../../../arm-none-eabi/lib/thumb/v7-m/nofp/libc_nano.a(libc_a-puts.o)
 .ARM.attributes
                0x0000041c       0x2d /Applications/STM32CubeIDE.app/Contents/Eclipse/plugins/com.st.stm32cube.ide.mcu.externaltools.gnu-tools-for-stm32.14.3.rel1.macosaarch64_1.0.0.202602081740/tools/bin/../lib/gcc/arm-none-eabi/14.3.1/../../../../arm-none-eabi/lib/thumb/v7-m/nofp/libc_nano.a(libc_a-memset.o)
 .ARM.attributes
                0x00000449       0x2d /Applications/STM32CubeIDE.app/Contents/Eclipse/plugins/com.st.stm32cube.ide.mcu.externaltools.gnu-tools-for-stm32.14.3.rel1.macosaarch64_1.0.0.202602081740/tools/bin/../lib/gcc/arm-none-eabi/14.3.1/../../../../arm-none-eabi/lib/thumb/v7-m/nofp/libc_nano.a(libc_a-errno.o)
 .ARM.attributes
                0x00000476       0x2d /Applications/STM32CubeIDE.app/Contents/Eclipse/plugins/com.st.stm32cube.ide.mcu.externaltools.gnu-tools-for-stm32.14.3.rel1.macosaarch64_1.0.0.202602081740/tools/bin/../lib/gcc/arm-none-eabi/14.3.1/../../../../arm-none-eabi/lib/thumb/v7-m/nofp/libc_nano.a(libc_a-init.o)
 .ARM.attributes
                0x000004a3       0x2d /Applications/STM32CubeIDE.app/Contents/Eclipse/plugins/com.st.stm32cube.ide.mcu.externaltools.gnu-tools-for-stm32.14.3.rel1.macosaarch64_1.0.0.202602081740/tools/bin/../lib/gcc/arm-none-eabi/14.3.1/../../../../arm-none-eabi/lib/thumb/v7-m/nofp/libc_nano.a(libc_a-lock.o)
 .ARM.attributes
                0x000004d0       0x2d /Applications/STM32CubeIDE.app/Contents/Eclipse/plugins/com.st.stm32cube.ide.mcu.externaltools.gnu-tools-for-stm32.14.3.rel1.macosaarch64_1.0.0.202602081740/tools/bin/../lib/gcc/arm-none-eabi/14.3.1/../../../../arm-none-eabi/lib/thumb/v7-m/nofp/libc_nano.a(libc_a-impure.o)
 .ARM.attributes
                0x000004fd       0x2d /Applications/STM32CubeIDE.app/Contents/Eclipse/plugins/com.st.stm32cube.ide.mcu.externaltools.gnu-tools-for-stm32.14.3.rel1.macosaarch64_1.0.0.202602081740/tools/bin/../lib/gcc/arm-none-eabi/14.3.1/../../../../arm-none-eabi/lib/thumb/v7-m/nofp/libc_nano.a(libc_a-nano-vfprintf.o)
 .ARM.attributes
                0x0000052a       0x2d /Applications/STM32CubeIDE.app/Contents/Eclipse/plugins/com.st.stm32cube.ide.mcu.externaltools.gnu-tools-for-stm32.14.3.rel1.macosaarch64_1.0.0.202602081740/tools/bin/../lib/gcc/arm-none-eabi/14.3.1/../../../../arm-none-eabi/lib/thumb/v7-m/nofp/libc_nano.a(libc_a-mallocr.o)
 .ARM.attributes
                0x00000557       0x2d /Applications/STM32CubeIDE.app/Contents/Eclipse/plugins/com.st.stm32cube.ide.mcu.externaltools.gnu-tools-for-stm32.14.3.rel1.macosaarch64_1.0.0.202602081740/tools/bin/../lib/gcc/arm-none-eabi/14.3.1/../../../../arm-none-eabi/lib/thumb/v7-m/nofp/libc_nano.a(libc_a-nano-vfprintf_i.o)
 .ARM.attributes
                0x00000584       0x2d /Applications/STM32CubeIDE.app/Contents/Eclipse/plugins/com.st.stm32cube.ide.mcu.externaltools.gnu-tools-for-stm32.14.3.rel1.macosaarch64_1.0.0.202602081740/tools/bin/../lib/gcc/arm-none-eabi/14.3.1/../../../../arm-none-eabi/lib/thumb/v7-m/nofp/libc_nano.a(libc_a-fflush.o)
 .ARM.attributes
                0x000005b1       0x2d /Applications/STM32CubeIDE.app/Contents/Eclipse/plugins/com.st.stm32cube.ide.mcu.externaltools.gnu-tools-for-stm32.14.3.rel1.macosaarch64_1.0.0.202602081740/tools/bin/../lib/gcc/arm-none-eabi/14.3.1/../../../../arm-none-eabi/lib/thumb/v7-m/nofp/libc_nano.a(libc_a-mlock.o)
 .ARM.attributes
                0x000005de       0x2d /Applications/STM32CubeIDE.app/Contents/Eclipse/plugins/com.st.stm32cube.ide.mcu.externaltools.gnu-tools-for-stm32.14.3.rel1.macosaarch64_1.0.0.202602081740/tools/bin/../lib/gcc/arm-none-eabi/14.3.1/../../../../arm-none-eabi/lib/thumb/v7-m/nofp/libc_nano.a(libc_a-stdio.o)
 .ARM.attributes
                0x0000060b       0x2d /Applications/STM32CubeIDE.app/Contents/Eclipse/plugins/com.st.stm32cube.ide.mcu.externaltools.gnu-tools-for-stm32.14.3.rel1.macosaarch64_1.0.0.202602081740/tools/bin/../lib/gcc/arm-none-eabi/14.3.1/../../../../arm-none-eabi/lib/thumb/v7-m/nofp/libc_nano.a(libc_a-wbuf.o)
 .ARM.attributes
                0x00000638       0x2d /Applications/STM32CubeIDE.app/Contents/Eclipse/plugins/com.st.stm32cube.ide.mcu.externaltools.gnu-tools-for-stm32.14.3.rel1.macosaarch64_1.0.0.202602081740/tools/bin/../lib/gcc/arm-none-eabi/14.3.1/../../../../arm-none-eabi/lib/thumb/v7-m/nofp/libc_nano.a(libc_a-wsetup.o)
 .ARM.attributes
                0x00000665       0x2d /Applications/STM32CubeIDE.app/Contents/Eclipse/plugins/com.st.stm32cube.ide.mcu.externaltools.gnu-tools-for-stm32.14.3.rel1.macosaarch64_1.0.0.202602081740/tools/bin/../lib/gcc/arm-none-eabi/14.3.1/../../../../arm-none-eabi/lib/thumb/v7-m/nofp/libc_nano.a(libc_a-makebuf.o)
 .ARM.attributes
                0x00000692       0x2d /Applications/STM32CubeIDE.app/Contents/Eclipse/plugins/com.st.stm32cube.ide.mcu.externaltools.gnu-tools-for-stm32.14.3.rel1.macosaarch64_1.0.0.202602081740/tools/bin/../lib/gcc/arm-none-eabi/14.3.1/../../../../arm-none-eabi/lib/thumb/v7-m/nofp/libc_nano.a(libc_a-isattyr.o)
 .ARM.attributes
                0x000006bf       0x2d /Applications/STM32CubeIDE.app/Contents/Eclipse/plugins/com.st.stm32cube.ide.mcu.externaltools.gnu-tools-for-stm32.14.3.rel1.macosaarch64_1.0.0.202602081740/tools/bin/../lib/gcc/arm-none-eabi/14.3.1/../../../../arm-none-eabi/lib/thumb/v7-m/nofp/libc_nano.a(libc_a-lseekr.o)
 .ARM.attributes
                0x000006ec       0x2d /Applications/STM32CubeIDE.app/Contents/Eclipse/plugins/com.st.stm32cube.ide.mcu.externaltools.gnu-tools-for-stm32.14.3.rel1.macosaarch64_1.0.0.202602081740/tools/bin/../lib/gcc/arm-none-eabi/14.3.1/../../../../arm-none-eabi/lib/thumb/v7-m/nofp/libc_nano.a(libc_a-readr.o)
 .ARM.attributes
                0x00000719       0x2d /Applications/STM32CubeIDE.app/Contents/Eclipse/plugins/com.st.stm32cube.ide.mcu.externaltools.gnu-tools-for-stm32.14.3.rel1.macosaarch64_1.0.0.202602081740/tools/bin/../lib/gcc/arm-none-eabi/14.3.1/../../../../arm-none-eabi/lib/thumb/v7-m/nofp/libc_nano.a(libc_a-sbrkr.o)
 .ARM.attributes
                0x00000746       0x2d /Applications/STM32CubeIDE.app/Contents/Eclipse/plugins/com.st.stm32cube.ide.mcu.externaltools.gnu-tools-for-stm32.14.3.rel1.macosaarch64_1.0.0.202602081740/tools/bin/../lib/gcc/arm-none-eabi/14.3.1/../../../../arm-none-eabi/lib/thumb/v7-m/nofp/libc_nano.a(libc_a-writer.o)
 .ARM.attributes
                0x00000773       0x2d /Applications/STM32CubeIDE.app/Contents/Eclipse/plugins/com.st.stm32cube.ide.mcu.externaltools.gnu-tools-for-stm32.14.3.rel1.macosaarch64_1.0.0.202602081740/tools/bin/../lib/gcc/arm-none-eabi/14.3.1/../../../../arm-none-eabi/lib/thumb/v7-m/nofp/libc_nano.a(libc_a-closer.o)
 .ARM.attributes
                0x000007a0       0x2d /Applications/STM32CubeIDE.app/Contents/Eclipse/plugins/com.st.stm32cube.ide.mcu.externaltools.gnu-tools-for-stm32.14.3.rel1.macosaarch64_1.0.0.202602081740/tools/bin/../lib/gcc/arm-none-eabi/14.3.1/../../../../arm-none-eabi/lib/thumb/v7-m/nofp/libc_nano.a(libc_a-reent.o)
 .ARM.attributes
                0x000007cd       0x2d /Applications/STM32CubeIDE.app/Contents/Eclipse/plugins/com.st.stm32cube.ide.mcu.externaltools.gnu-tools-for-stm32.14.3.rel1.macosaarch64_1.0.0.202602081740/tools/bin/../lib/gcc/arm-none-eabi/14.3.1/../../../../arm-none-eabi/lib/thumb/v7-m/nofp/libc_nano.a(libc_a-fstatr.o)
 .ARM.attributes
                0x000007fa       0x2d /Applications/STM32CubeIDE.app/Contents/Eclipse/plugins/com.st.stm32cube.ide.mcu.externaltools.gnu-tools-for-stm32.14.3.rel1.macosaarch64_1.0.0.202602081740/tools/bin/../lib/gcc/arm-none-eabi/14.3.1/../../../../arm-none-eabi/lib/thumb/v7-m/nofp/libc_nano.a(libc_a-memchr-stub.o)
 .ARM.attributes
                0x00000827       0x2d /Applications/STM32CubeIDE.app/Contents/Eclipse/plugins/com.st.stm32cube.ide.mcu.externaltools.gnu-tools-for-stm32.14.3.rel1.macosaarch64_1.0.0.202602081740/tools/bin/../lib/gcc/arm-none-eabi/14.3.1/../../../../arm-none-eabi/lib/thumb/v7-m/nofp/libc_nano.a(libc_a-freer.o)
 .ARM.attributes
                0x00000854       0x2d /Applications/STM32CubeIDE.app/Contents/Eclipse/plugins/com.st.stm32cube.ide.mcu.externaltools.gnu-tools-for-stm32.14.3.rel1.macosaarch64_1.0.0.202602081740/tools/bin/../lib/gcc/arm-none-eabi/14.3.1/../../../../arm-none-eabi/lib/thumb/v7-m/nofp/libm.a(libm_a-wf_sqrt.o)
 .ARM.attributes
                0x00000881       0x2d /Applications/STM32CubeIDE.app/Contents/Eclipse/plugins/com.st.stm32cube.ide.mcu.externaltools.gnu-tools-for-stm32.14.3.rel1.macosaarch64_1.0.0.202602081740/tools/bin/../lib/gcc/arm-none-eabi/14.3.1/../../../../arm-none-eabi/lib/thumb/v7-m/nofp/libm.a(libm_a-ef_sqrt.o)
 .ARM.attributes
                0x000008ae       0x1d /Applications/STM32CubeIDE.app/Contents/Eclipse/plugins/com.st.stm32cube.ide.mcu.externaltools.gnu-tools-for-stm32.14.3.rel1.macosaarch64_1.0.0.202602081740/tools/bin/../lib/gcc/arm-none-eabi/14.3.1/thumb/v7-m/nofp/libgcc.a(_arm_addsubsf3.o)
 .ARM.attributes
                0x000008cb       0x1d /Applications/STM32CubeIDE.app/Contents/Eclipse/plugins/com.st.stm32cube.ide.mcu.externaltools.gnu-tools-for-stm32.14.3.rel1.macosaarch64_1.0.0.202602081740/tools/bin/../lib/gcc/arm-none-eabi/14.3.1/thumb/v7-m/nofp/libgcc.a(_arm_muldivsf3.o)
 .ARM.attributes
                0x000008e8       0x1d /Applications/STM32CubeIDE.app/Contents/Eclipse/plugins/com.st.stm32cube.ide.mcu.externaltools.gnu-tools-for-stm32.14.3.rel1.macosaarch64_1.0.0.202602081740/tools/bin/../lib/gcc/arm-none-eabi/14.3.1/thumb/v7-m/nofp/libgcc.a(_arm_cmpsf2.o)
 .ARM.attributes
                0x00000905       0x1d /Applications/STM32CubeIDE.app/Contents/Eclipse/plugins/com.st.stm32cube.ide.mcu.externaltools.gnu-tools-for-stm32.14.3.rel1.macosaarch64_1.0.0.202602081740/tools/bin/../lib/gcc/arm-none-eabi/14.3.1/thumb/v7-m/nofp/libgcc.a(_arm_unordsf2.o)
 .ARM.attributes
                0x00000922       0x1d /Applications/STM32CubeIDE.app/Contents/Eclipse/plugins/com.st.stm32cube.ide.mcu.externaltools.gnu-tools-for-stm32.14.3.rel1.macosaarch64_1.0.0.202602081740/tools/bin/../lib/gcc/arm-none-eabi/14.3.1/thumb/v7-m/nofp/libgcc.a(_arm_fixsfsi.o)
 .ARM.attributes
                0x0000093f       0x1d /Applications/STM32CubeIDE.app/Contents/Eclipse/plugins/com.st.stm32cube.ide.mcu.externaltools.gnu-tools-for-stm32.14.3.rel1.macosaarch64_1.0.0.202602081740/tools/bin/../lib/gcc/arm-none-eabi/14.3.1/thumb/v7-m/nofp/libgcc.a(_arm_fixunssfsi.o)
 .ARM.attributes
                0x0000095c       0x1d /Applications/STM32CubeIDE.app/Contents/Eclipse/plugins/com.st.stm32cube.ide.mcu.externaltools.gnu-tools-for-stm32.14.3.rel1.macosaarch64_1.0.0.202602081740/tools/bin/../lib/gcc/arm-none-eabi/14.3.1/thumb/v7-m/nofp/libgcc.a(_aeabi_uldivmod.o)
 .ARM.attributes
                0x00000979       0x2d /Applications/STM32CubeIDE.app/Contents/Eclipse/plugins/com.st.stm32cube.ide.mcu.externaltools.gnu-tools-for-stm32.14.3.rel1.macosaarch64_1.0.0.202602081740/tools/bin/../lib/gcc/arm-none-eabi/14.3.1/thumb/v7-m/nofp/libgcc.a(_udivmoddi4.o)
 .ARM.attributes
                0x000009a6       0x1d /Applications/STM32CubeIDE.app/Contents/Eclipse/plugins/com.st.stm32cube.ide.mcu.externaltools.gnu-tools-for-stm32.14.3.rel1.macosaarch64_1.0.0.202602081740/tools/bin/../lib/gcc/arm-none-eabi/14.3.1/thumb/v7-m/nofp/libgcc.a(_dvmd_tls.o)
 .ARM.attributes
                0x000009c3       0x1d /Applications/STM32CubeIDE.app/Contents/Eclipse/plugins/com.st.stm32cube.ide.mcu.externaltools.gnu-tools-for-stm32.14.3.rel1.macosaarch64_1.0.0.202602081740/tools/bin/../lib/gcc/arm-none-eabi/14.3.1/thumb/v7-m/nofp/crtn.o
OUTPUT(APEX_PROJECT.elf elf32-littlearm)
LOAD linker stubs
LOAD /Applications/STM32CubeIDE.app/Contents/Eclipse/plugins/com.st.stm32cube.ide.mcu.externaltools.gnu-tools-for-stm32.14.3.rel1.macosaarch64_1.0.0.202602081740/tools/bin/../lib/gcc/arm-none-eabi/14.3.1/../../../../arm-none-eabi/lib/thumb/v7-m/nofp/libc.a
LOAD /Applications/STM32CubeIDE.app/Contents/Eclipse/plugins/com.st.stm32cube.ide.mcu.externaltools.gnu-tools-for-stm32.14.3.rel1.macosaarch64_1.0.0.202602081740/tools/bin/../lib/gcc/arm-none-eabi/14.3.1/../../../../arm-none-eabi/lib/thumb/v7-m/nofp/libm.a
LOAD /Applications/STM32CubeIDE.app/Contents/Eclipse/plugins/com.st.stm32cube.ide.mcu.externaltools.gnu-tools-for-stm32.14.3.rel1.macosaarch64_1.0.0.202602081740/tools/bin/../lib/gcc/arm-none-eabi/14.3.1/thumb/v7-m/nofp/libgcc.a

.debug_info     0x00000000    0x11a25
 .debug_info    0x00000000     0x1fc2 ./Core/Src/main.o
 .debug_info    0x00001fc2      0x8e9 ./Core/Src/max7219_Yncrea2.o
 .debug_info    0x000028ab     0x1703 ./Core/Src/stm32l1xx_hal_msp.o
 .debug_info    0x00003fae      0x838 ./Core/Src/stm32l1xx_it.o
 .debug_info    0x000047e6      0x6a3 ./Core/Src/syscalls.o
 .debug_info    0x00004e89      0x168 ./Core/Src/sysmem.o
 .debug_info    0x00004ff1      0x27c ./Core/Src/system_stm32l1xx.o
 .debug_info    0x0000526d       0x30 ./Core/Startup/startup_stm32l152retx.o
 .debug_info    0x0000529d      0x6ef ./Drivers/STM32L1xx_HAL_Driver/Src/stm32l1xx_hal.o
 .debug_info    0x0000598c      0xe77 ./Drivers/STM32L1xx_HAL_Driver/Src/stm32l1xx_hal_adc.o
 .debug_info    0x00006803      0xce5 ./Drivers/STM32L1xx_HAL_Driver/Src/stm32l1xx_hal_cortex.o
 .debug_info    0x000074e8      0x5b2 ./Drivers/STM32L1xx_HAL_Driver/Src/stm32l1xx_hal_gpio.o
 .debug_info    0x00007a9a     0x23b3 ./Drivers/STM32L1xx_HAL_Driver/Src/stm32l1xx_hal_i2c.o
 .debug_info    0x00009e4d      0x99b ./Drivers/STM32L1xx_HAL_Driver/Src/stm32l1xx_hal_rcc.o
 .debug_info    0x0000a7e8     0x14d9 ./Drivers/STM32L1xx_HAL_Driver/Src/stm32l1xx_hal_spi.o
 .debug_info    0x0000bcc1     0x27cd ./Drivers/STM32L1xx_HAL_Driver/Src/stm32l1xx_hal_tim.o
 .debug_info    0x0000e48e      0x6a8 ./Drivers/STM32L1xx_HAL_Driver/Src/stm32l1xx_hal_tim_ex.o
 .debug_info    0x0000eb36     0x2eef ./Drivers/STM32L1xx_HAL_Driver/Src/stm32l1xx_hal_uart.o

.debug_abbrev   0x00000000     0x25f5
 .debug_abbrev  0x00000000      0x365 ./Core/Src/main.o
 .debug_abbrev  0x00000365      0x25f ./Core/Src/max7219_Yncrea2.o
 .debug_abbrev  0x000005c4      0x202 ./Core/Src/stm32l1xx_hal_msp.o
 .debug_abbrev  0x000007c6      0x1fb ./Core/Src/stm32l1xx_it.o
 .debug_abbrev  0x000009c1      0x1b6 ./Core/Src/syscalls.o
 .debug_abbrev  0x00000b77       0xbc ./Core/Src/sysmem.o
 .debug_abbrev  0x00000c33      0x11c ./Core/Src/system_stm32l1xx.o
 .debug_abbrev  0x00000d4f       0x24 ./Core/Startup/startup_stm32l152retx.o
 .debug_abbrev  0x00000d73      0x275 ./Drivers/STM32L1xx_HAL_Driver/Src/stm32l1xx_hal.o
 .debug_abbrev  0x00000fe8      0x296 ./Drivers/STM32L1xx_HAL_Driver/Src/stm32l1xx_hal_adc.o
 .debug_abbrev  0x0000127e      0x31c ./Drivers/STM32L1xx_HAL_Driver/Src/stm32l1xx_hal_cortex.o
 .debug_abbrev  0x0000159a      0x1d4 ./Drivers/STM32L1xx_HAL_Driver/Src/stm32l1xx_hal_gpio.o
 .debug_abbrev  0x0000176e      0x298 ./Drivers/STM32L1xx_HAL_Driver/Src/stm32l1xx_hal_i2c.o
 .debug_abbrev  0x00001a06      0x2b8 ./Drivers/STM32L1xx_HAL_Driver/Src/stm32l1xx_hal_rcc.o
 .debug_abbrev  0x00001cbe      0x27a ./Drivers/STM32L1xx_HAL_Driver/Src/stm32l1xx_hal_spi.o
 .debug_abbrev  0x00001f38      0x25e ./Drivers/STM32L1xx_HAL_Driver/Src/stm32l1xx_hal_tim.o
 .debug_abbrev  0x00002196      0x168 ./Drivers/STM32L1xx_HAL_Driver/Src/stm32l1xx_hal_tim_ex.o
 .debug_abbrev  0x000022fe      0x2f7 ./Drivers/STM32L1xx_HAL_Driver/Src/stm32l1xx_hal_uart.o

.debug_aranges  0x00000000     0x1190
 .debug_aranges
                0x00000000       0xa8 ./Core/Src/main.o
 .debug_aranges
                0x000000a8       0x88 ./Core/Src/max7219_Yncrea2.o
 .debug_aranges
                0x00000130       0x70 ./Core/Src/stm32l1xx_hal_msp.o
 .debug_aranges
                0x000001a0       0x80 ./Core/Src/stm32l1xx_it.o
 .debug_aranges
                0x00000220       0xa8 ./Core/Src/syscalls.o
 .debug_aranges
                0x000002c8       0x20 ./Core/Src/sysmem.o
 .debug_aranges
                0x000002e8       0x28 ./Core/Src/system_stm32l1xx.o
 .debug_aranges
                0x00000310       0x28 ./Core/Startup/startup_stm32l152retx.o
 .debug_aranges
                0x00000338       0xe0 ./Drivers/STM32L1xx_HAL_Driver/Src/stm32l1xx_hal.o
 .debug_aranges
                0x00000418       0xf0 ./Drivers/STM32L1xx_HAL_Driver/Src/stm32l1xx_hal_adc.o
 .debug_aranges
                0x00000508      0x128 ./Drivers/STM32L1xx_HAL_Driver/Src/stm32l1xx_hal_cortex.o
 .debug_aranges
                0x00000630       0x58 ./Drivers/STM32L1xx_HAL_Driver/Src/stm32l1xx_hal_gpio.o
 .debug_aranges
                0x00000688      0x2a8 ./Drivers/STM32L1xx_HAL_Driver/Src/stm32l1xx_hal_i2c.o
 .debug_aranges
                0x00000930       0x90 ./Drivers/STM32L1xx_HAL_Driver/Src/stm32l1xx_hal_rcc.o
 .debug_aranges
                0x000009c0      0x1d0 ./Drivers/STM32L1xx_HAL_Driver/Src/stm32l1xx_hal_spi.o
 .debug_aranges
                0x00000b90      0x3d0 ./Drivers/STM32L1xx_HAL_Driver/Src/stm32l1xx_hal_tim.o
 .debug_aranges
                0x00000f60       0x28 ./Drivers/STM32L1xx_HAL_Driver/Src/stm32l1xx_hal_tim_ex.o
 .debug_aranges
                0x00000f88      0x208 ./Drivers/STM32L1xx_HAL_Driver/Src/stm32l1xx_hal_uart.o

.debug_rnglists
                0x00000000      0xdd9
 .debug_rnglists
                0x00000000       0x9d ./Core/Src/main.o
 .debug_rnglists
                0x0000009d       0x61 ./Core/Src/max7219_Yncrea2.o
 .debug_rnglists
                0x000000fe       0x53 ./Core/Src/stm32l1xx_hal_msp.o
 .debug_rnglists
                0x00000151       0x5c ./Core/Src/stm32l1xx_it.o
 .debug_rnglists
                0x000001ad       0x79 ./Core/Src/syscalls.o
 .debug_rnglists
                0x00000226       0x13 ./Core/Src/sysmem.o
 .debug_rnglists
                0x00000239       0x1a ./Core/Src/system_stm32l1xx.o
 .debug_rnglists
                0x00000253       0x19 ./Core/Startup/startup_stm32l152retx.o
 .debug_rnglists
                0x0000026c       0xa3 ./Drivers/STM32L1xx_HAL_Driver/Src/stm32l1xx_hal.o
 .debug_rnglists
                0x0000030f       0xbd ./Drivers/STM32L1xx_HAL_Driver/Src/stm32l1xx_hal_adc.o
 .debug_rnglists
                0x000003cc       0xd9 ./Drivers/STM32L1xx_HAL_Driver/Src/stm32l1xx_hal_cortex.o
 .debug_rnglists
                0x000004a5       0x3f ./Drivers/STM32L1xx_HAL_Driver/Src/stm32l1xx_hal_gpio.o
 .debug_rnglists
                0x000004e4      0x23c ./Drivers/STM32L1xx_HAL_Driver/Src/stm32l1xx_hal_i2c.o
 .debug_rnglists
                0x00000720       0x6d ./Drivers/STM32L1xx_HAL_Driver/Src/stm32l1xx_hal_rcc.o
 .debug_rnglists
                0x0000078d      0x16f ./Drivers/STM32L1xx_HAL_Driver/Src/stm32l1xx_hal_spi.o
 .debug_rnglists
                0x000008fc      0x307 ./Drivers/STM32L1xx_HAL_Driver/Src/stm32l1xx_hal_tim.o
 .debug_rnglists
                0x00000c03       0x1a ./Drivers/STM32L1xx_HAL_Driver/Src/stm32l1xx_hal_tim_ex.o
 .debug_rnglists
                0x00000c1d      0x1bc ./Drivers/STM32L1xx_HAL_Driver/Src/stm32l1xx_hal_uart.o

.debug_macro    0x00000000    0x18923
 .debug_macro   0x00000000      0x33b ./Core/Src/main.o
 .debug_macro   0x0000033b      0xacc ./Core/Src/main.o
 .debug_macro   0x00000e07      0x121 ./Core/Src/main.o
 .debug_macro   0x00000f28       0x2e ./Core/Src/main.o
 .debug_macro   0x00000f56       0x22 ./Core/Src/main.o
 .debug_macro   0x00000f78       0x22 ./Core/Src/main.o
 .debug_macro   0x00000f9a       0x8e ./Core/Src/main.o
 .debug_macro   0x00001028       0x51 ./Core/Src/main.o
 .debug_macro   0x00001079      0x103 ./Core/Src/main.o
 .debug_macro   0x0000117c       0x6a ./Core/Src/main.o
 .debug_macro   0x000011e6      0x1df ./Core/Src/main.o
 .debug_macro   0x000013c5       0x1c ./Core/Src/main.o
 .debug_macro   0x000013e1       0x22 ./Core/Src/main.o
 .debug_macro   0x00001403       0xbd ./Core/Src/main.o
 .debug_macro   0x000014c0      0xe49 ./Core/Src/main.o
 .debug_macro   0x00002309      0x11f ./Core/Src/main.o
 .debug_macro   0x00002428     0xb7a1 ./Core/Src/main.o
 .debug_macro   0x0000dbc9       0x6d ./Core/Src/main.o
 .debug_macro   0x0000dc36     0x34e1 ./Core/Src/main.o
 .debug_macro   0x00011117      0x190 ./Core/Src/main.o
 .debug_macro   0x000112a7       0x5b ./Core/Src/main.o
 .debug_macro   0x00011302      0xe37 ./Core/Src/main.o
 .debug_macro   0x00012139      0x35b ./Core/Src/main.o
 .debug_macro   0x00012494      0x1b8 ./Core/Src/main.o
 .debug_macro   0x0001264c       0xc5 ./Core/Src/main.o
 .debug_macro   0x00012711      0x21e ./Core/Src/main.o
 .debug_macro   0x0001292f      0x236 ./Core/Src/main.o
 .debug_macro   0x00012b65      0x685 ./Core/Src/main.o
 .debug_macro   0x000131ea      0x16b ./Core/Src/main.o
 .debug_macro   0x00013355      0x115 ./Core/Src/main.o
 .debug_macro   0x0001346a      0x567 ./Core/Src/main.o
 .debug_macro   0x000139d1      0x287 ./Core/Src/main.o
 .debug_macro   0x00013c58      0x1e9 ./Core/Src/main.o
 .debug_macro   0x00013e41       0x22 ./Core/Src/main.o
 .debug_macro   0x00013e63      0x225 ./Core/Src/main.o
 .debug_macro   0x00014088      0x788 ./Core/Src/main.o
 .debug_macro   0x00014810       0xac ./Core/Src/main.o
 .debug_macro   0x000148bc      0x2aa ./Core/Src/main.o
 .debug_macro   0x00014b66      0x170 ./Core/Src/main.o
 .debug_macro   0x00014cd6      0x492 ./Core/Src/main.o
 .debug_macro   0x00015168       0xfa ./Core/Src/main.o
 .debug_macro   0x00015262       0x61 ./Core/Src/main.o
 .debug_macro   0x000152c3       0x24 ./Core/Src/main.o
 .debug_macro   0x000152e7       0x43 ./Core/Src/main.o
 .debug_macro   0x0001532a       0x34 ./Core/Src/main.o
 .debug_macro   0x0001535e       0x16 ./Core/Src/main.o
 .debug_macro   0x00015374       0x3c ./Core/Src/main.o
 .debug_macro   0x000153b0      0x364 ./Core/Src/main.o
 .debug_macro   0x00015714       0x10 ./Core/Src/main.o
 .debug_macro   0x00015724       0x16 ./Core/Src/main.o
 .debug_macro   0x0001573a       0x4a ./Core/Src/main.o
 .debug_macro   0x00015784       0x34 ./Core/Src/main.o
 .debug_macro   0x000157b8       0x10 ./Core/Src/main.o
 .debug_macro   0x000157c8       0x58 ./Core/Src/main.o
 .debug_macro   0x00015820       0x8e ./Core/Src/main.o
 .debug_macro   0x000158ae       0x1c ./Core/Src/main.o
 .debug_macro   0x000158ca      0x17e ./Core/Src/main.o
 .debug_macro   0x00015a48       0x16 ./Core/Src/main.o
 .debug_macro   0x00015a5e       0x16 ./Core/Src/main.o
 .debug_macro   0x00015a74      0x146 ./Core/Src/main.o
 .debug_macro   0x00015bba      0x19b ./Core/Src/main.o
 .debug_macro   0x00015d55      0x226 ./Core/Src/max7219_Yncrea2.o
 .debug_macro   0x00015f7b      0x1e6 ./Core/Src/stm32l1xx_hal_msp.o
 .debug_macro   0x00016161      0x2c8 ./Core/Src/stm32l1xx_it.o
 .debug_macro   0x00016429      0x274 ./Core/Src/syscalls.o
 .debug_macro   0x0001669d       0x5b ./Core/Src/syscalls.o
 .debug_macro   0x000166f8       0x94 ./Core/Src/syscalls.o
 .debug_macro   0x0001678c       0x57 ./Core/Src/syscalls.o
 .debug_macro   0x000167e3       0x10 ./Core/Src/syscalls.o
 .debug_macro   0x000167f3       0x10 ./Core/Src/syscalls.o
 .debug_macro   0x00016803       0x10 ./Core/Src/syscalls.o
 .debug_macro   0x00016813       0x10 ./Core/Src/syscalls.o
 .debug_macro   0x00016823       0x1c ./Core/Src/syscalls.o
 .debug_macro   0x0001683f       0x52 ./Core/Src/syscalls.o
 .debug_macro   0x00016891       0x22 ./Core/Src/syscalls.o
 .debug_macro   0x000168b3       0x10 ./Core/Src/syscalls.o
 .debug_macro   0x000168c3       0x52 ./Core/Src/syscalls.o
 .debug_macro   0x00016915       0xcf ./Core/Src/syscalls.o
 .debug_macro   0x000169e4       0x1c ./Core/Src/syscalls.o
 .debug_macro   0x00016a00       0x3d ./Core/Src/syscalls.o
 .debug_macro   0x00016a3d       0x35 ./Core/Src/syscalls.o
 .debug_macro   0x00016a72      0x12c ./Core/Src/syscalls.o
 .debug_macro   0x00016b9e       0x16 ./Core/Src/syscalls.o
 .debug_macro   0x00016bb4       0x16 ./Core/Src/syscalls.o
 .debug_macro   0x00016bca       0x29 ./Core/Src/syscalls.o
 .debug_macro   0x00016bf3       0x10 ./Core/Src/syscalls.o
 .debug_macro   0x00016c03      0x242 ./Core/Src/syscalls.o
 .debug_macro   0x00016e45       0x1c ./Core/Src/syscalls.o
 .debug_macro   0x00016e61       0x10 ./Core/Src/syscalls.o
 .debug_macro   0x00016e71      0x18a ./Core/Src/syscalls.o
 .debug_macro   0x00016ffb       0x16 ./Core/Src/syscalls.o
 .debug_macro   0x00017011       0xce ./Core/Src/syscalls.o
 .debug_macro   0x000170df      0x112 ./Core/Src/sysmem.o
 .debug_macro   0x000171f1      0x23c ./Core/Src/sysmem.o
 .debug_macro   0x0001742d      0x1d7 ./Core/Src/system_stm32l1xx.o
 .debug_macro   0x00017604      0x1fb ./Drivers/STM32L1xx_HAL_Driver/Src/stm32l1xx_hal.o
 .debug_macro   0x000177ff      0x1f4 ./Drivers/STM32L1xx_HAL_Driver/Src/stm32l1xx_hal_adc.o
 .debug_macro   0x000179f3      0x1d7 ./Drivers/STM32L1xx_HAL_Driver/Src/stm32l1xx_hal_cortex.o
 .debug_macro   0x00017bca      0x1de ./Drivers/STM32L1xx_HAL_Driver/Src/stm32l1xx_hal_gpio.o
 .debug_macro   0x00017da8      0x225 ./Drivers/STM32L1xx_HAL_Driver/Src/stm32l1xx_hal_i2c.o
 .debug_macro   0x00017fcd      0x1e9 ./Drivers/STM32L1xx_HAL_Driver/Src/stm32l1xx_hal_rcc.o
 .debug_macro   0x000181b6      0x1e6 ./Drivers/STM32L1xx_HAL_Driver/Src/stm32l1xx_hal_spi.o