../Core/Src/main.c:82:5:__io_putchar	16	static
../Core/Src/main.c:87:13:I2C_Scan	16	static
../Core/Src/main.c:99:6:HAL_TIM_PeriodElapsedCallback	16	static
../Core/Src/main.c:106:13:LSM6DSO_Write	32	static
../Core/Src/main.c:111:16:LSM6DSO_Read	32	static
../Core/Src/main.c:119:13:LSM6DSO_ReadAccel	40	static
../Core/Src/main.c:131:13:Display_Time	24	static
../Core/Src/main.c:146:5:main	48	static
../Core/Src/main.c:261:6:SystemClock_Config	80	static
../Core/Src/main.c:305:13:MX_ADC_Init	24	static
../Core/Src/main.c:360:13:MX_I2C1_Init	8	static
../Core/Src/main.c:394:13:MX_SPI1_Init	8	static
../Core/Src/main.c:432:13:MX_TIM6_Init	16	static
../Core/Src/main.c:470:13:MX_USART2_UART_Init	8	static
../Core/Src/main.c:503:13:MX_GPIO_Init	48	static
../Core/Src/main.c:574:6:Error_Handler	4	static,ignoring_inline_asm
