../Core/Src/max7219_Yncrea2.c:112:7:SPI_CS_High	8	static
../Core/Src/max7219_Yncrea2.c:118:7:SPI_CS_Low	8	static
../Core/Src/max7219_Yncrea2.c:154:6:MAX7219_Init	8	static
../Core/Src/max7219_Yncrea2.c:178:6:MAX7219_ShutdownStart	8	static
../Core/Src/max7219_Yncrea2.c:193:6:MAX7219_ShutdownStop	8	static
../Core/Src/max7219_Yncrea2.c:208:6:MAX7219_DisplayTestStart	8	static
../Core/Src/max7219_Yncrea2.c:223:6:MAX7219_DisplayTestStop	8	static
../Core/Src/max7219_Yncrea2.c:238:6:MAX7219_SetBrightness	16	static
../Core/Src/max7219_Yncrea2.c:254:6:MAX7219_Clear	16	static
../Core/Src/max7219_Yncrea2.c:272:6:MAX7219_DisplayChar	16	static
../Core/Src/max7219_Yncrea2.c:289:6:MAX7219_DisplayCharDP	24	static
../Core/Src/max7219_Yncrea2.c:365:22:MAX7219_LookupCode	24	static
../Core/Src/max7219_Yncrea2.c:385:13:MAX7219_Write	16	static
../Core/Src/max7219_Yncrea2.c:418:13:MAX7219_SendByte	16	static
